2026-09-28T09:31:45.018949+0000 [INFO   ] ========================================
2026-09-28T09:31:45.019051+0000 [INFO   ]        START ZABAVA TAIL SCAN
2026-09-28T09:31:45.019096+0000 [INFO   ] ========================================
2026-09-28T09:31:45.019131+0000 [INFO   ] SOURCE : http://dmitry-tv.ddns.net/iptv/freesat/gtmedia/ZABAVA/custom_url.m3u
2026-09-28T09:31:45.901107+0000 [INFO   ] DOWNLOAD OK : HTTP 200
2026-09-28T09:31:45.901231+0000 [INFO   ] PLAYLIST SIZE : 50869 bytes
2026-09-28T09:31:46.374716+0000 [INFO   ] URLS FOUND : 374
2026-09-28T09:31:46.374942+0000 [FOUND  ] [00001] /hls/DVB-T2/CH_1TV-1.m3u8
2026-09-28T09:31:46.375029+0000 [FOUND  ] [00002] /hls/DVB-T2/CH_1TV.m3u8
2026-09-28T09:31:46.375078+0000 [FOUND  ] [00003] /hls/DVB-T2/CH_1TV_2.m3u8
2026-09-28T09:31:46.375119+0000 [FOUND  ] [00004] /hls/DVB-T2/CH_1TV_4.m3u8
2026-09-28T09:31:46.375157+0000 [FOUND  ] [00005] /hls/DVB-T2/CH_1TV_6.m3u8
2026-09-28T09:31:46.375194+0000 [FOUND  ] [00006] /hls/DVB-T2/CH_1TV_7.m3u8
2026-09-28T09:31:46.375230+0000 [FOUND  ] [00007] /hls/DVB-T2/CH_1TV_8.m3u8
2026-09-28T09:31:46.375265+0000 [FOUND  ] [00008] /hls/DVB-T2/CH_1TV_9.m3u8
2026-09-28T09:31:46.375300+0000 [FOUND  ] [00009] /hls/DVB-T2/CH_RUSSIA1-1.m3u8
2026-09-28T09:31:46.375335+0000 [FOUND  ] [00010] /hls/DVB-T2/CH_RUSSIA1.m3u8
2026-09-28T09:31:46.375372+0000 [FOUND  ] [00011] /hls/DVB-T2/CH_RUSSIA1_2.m3u8
2026-09-28T09:31:46.375406+0000 [FOUND  ] [00012] /hls/DVB-T2/CH_RUSSIA1_4.m3u8
2026-09-28T09:31:46.375442+0000 [FOUND  ] [00013] /hls/DVB-T2/CH_RUSSIA1_6.m3u8
2026-09-28T09:31:46.375476+0000 [FOUND  ] [00014] /hls/DVB-T2/CH_RUSSIA1_7.m3u8
2026-09-28T09:31:46.375511+0000 [FOUND  ] [00015] /hls/DVB-T2/CH_RUSSIA1_8.m3u8
2026-09-28T09:31:46.375546+0000 [FOUND  ] [00016] /hls/DVB-T2/CH_RUSSIA1_9.m3u8
2026-09-28T09:31:46.375580+0000 [FOUND  ] [00017] /hls/DVB-T2/CH_NTV-1.m3u8
2026-09-28T09:31:46.375614+0000 [FOUND  ] [00018] /hls/DVB-T2/CH_NTV.m3u8
2026-09-28T09:31:46.375650+0000 [FOUND  ] [00019] /hls/DVB-T2/CH_NTV_2.m3u8
2026-09-28T09:31:46.375685+0000 [FOUND  ] [00020] /hls/DVB-T2/CH_NTV_4.m3u8
2026-09-28T09:31:46.375720+0000 [FOUND  ] [00021] /hls/DVB-T2/CH_NTV_6.m3u8
2026-09-28T09:31:46.375754+0000 [FOUND  ] [00022] /hls/DVB-T2/CH_NTV_7.m3u8
2026-09-28T09:31:46.375788+0000 [FOUND  ] [00023] /hls/DVB-T2/CH_5TV-1.m3u8
2026-09-28T09:31:46.375822+0000 [FOUND  ] [00024] /hls/DVB-T2/CH_5TV.m3u8
2026-09-28T09:31:46.375856+0000 [FOUND  ] [00025] /hls/DVB-T2/CH_5TV_2.m3u8
2026-09-28T09:31:46.375890+0000 [FOUND  ] [00026] /hls/DVB-T2/CH_5TV_4.m3u8
2026-09-28T09:31:46.375924+0000 [FOUND  ] [00027] /hls/DVB-T2/CH_5TV_6.m3u8
2026-09-28T09:31:46.375958+0000 [FOUND  ] [00028] /hls/DVB-T2/CH_5TV_7.m3u8
2026-09-28T09:31:46.376023+0000 [FOUND  ] [00029] /hls/DVB-T2/CH_RUSSIAK-1.m3u8
2026-09-28T09:31:46.376065+0000 [FOUND  ] [00030] /hls/DVB-T2/CH_RUSSIAK.m3u8
2026-09-28T09:31:46.376100+0000 [FOUND  ] [00031] /hls/DVB-T2/CH_RUSSIAK_2.m3u8
2026-09-28T09:31:46.376134+0000 [FOUND  ] [00032] /hls/DVB-T2/CH_RUSSIAK_4.m3u8
2026-09-28T09:31:46.376169+0000 [FOUND  ] [00033] /hls/DVB-T2/CH_RUSSIAK_6.m3u8
2026-09-28T09:31:46.376203+0000 [FOUND  ] [00034] /hls/DVB-T2/CH_RUSSIAK_7.m3u8
2026-09-28T09:31:46.376237+0000 [FOUND  ] [00035] /hls/DVB-T2/CH_RUSSIA24.m3u8
2026-09-28T09:31:46.376271+0000 [FOUND  ] [00036] /hls/DVB-T2/CH_RUSSIA24_2.m3u8
2026-09-28T09:31:46.376311+0000 [FOUND  ] [00037] /hls/DVB-T2/CH_KARUSEL-1.m3u8
2026-09-28T09:31:46.376346+0000 [FOUND  ] [00038] /hls/DVB-T2/CH_KARUSEL.m3u8
2026-09-28T09:31:46.376380+0000 [FOUND  ] [00039] /hls/DVB-T2/CH_KARUSEL_2.m3u8
2026-09-28T09:31:46.376413+0000 [FOUND  ] [00040] /hls/DVB-T2/CH_KARUSEL_4.m3u8
2026-09-28T09:31:46.376448+0000 [FOUND  ] [00041] /hls/DVB-T2/CH_KARUSEL_6.m3u8
2026-09-28T09:31:46.376482+0000 [FOUND  ] [00042] /hls/DVB-T2/CH_KARUSEL_7.m3u8
2026-09-28T09:31:46.376517+0000 [FOUND  ] [00043] /hls/DVB-T2/CH_KARUSEL_8.m3u8
2026-09-28T09:31:46.376561+0000 [FOUND  ] [00044] /hls/DVB-T2/CH_OTR.m3u8
2026-09-28T09:31:46.376595+0000 [FOUND  ] [00045] /hls/DVB-T2/CH_TVC-1.m3u8
2026-09-28T09:31:46.376630+0000 [FOUND  ] [00046] /hls/DVB-T2/CH_TVC.m3u8
2026-09-28T09:31:46.376675+0000 [FOUND  ] [00047] /hls/DVB-T2/CH_TVC_2.m3u8
2026-09-28T09:31:46.376713+0000 [FOUND  ] [00048] /hls/DVB-T2/CH_TVC_4.m3u8
2026-09-28T09:31:46.376749+0000 [FOUND  ] [00049] /hls/DVB-T2/CH_TVC_6.m3u8
2026-09-28T09:31:46.376783+0000 [FOUND  ] [00050] /hls/DVB-T2/CH_TVC_7.m3u8
2026-09-28T09:31:46.376818+0000 [FOUND  ] [00051] /hls/DVB-T2/CH_RENTV-1.m3u8
2026-09-28T09:31:46.376852+0000 [FOUND  ] [00052] /hls/DVB-T2/CH_RENTV.m3u8
2026-09-28T09:31:46.376886+0000 [FOUND  ] [00053] /hls/DVB-T2/CH_RENTV_2.m3u8
2026-09-28T09:31:46.376920+0000 [FOUND  ] [00054] /hls/DVB-T2/CH_RENTV_4.m3u8
2026-09-28T09:31:46.376954+0000 [FOUND  ] [00055] /hls/DVB-T2/CH_RENTV_6.m3u8
2026-09-28T09:31:46.377029+0000 [FOUND  ] [00056] /hls/DVB-T2/CH_RENTV_7.m3u8
2026-09-28T09:31:46.377075+0000 [FOUND  ] [00057] /hls/DVB-T2/CH_SPAS-1.m3u8
2026-09-28T09:31:46.377121+0000 [FOUND  ] [00058] /hls/DVB-T2/CH_SPAS.m3u8
2026-09-28T09:31:46.377156+0000 [FOUND  ] [00059] /hls/DVB-T2/CH_SPAS_2.m3u8
2026-09-28T09:31:46.377189+0000 [FOUND  ] [00060] /hls/DVB-T2/CH_SPAS_4.m3u8
2026-09-28T09:31:46.377223+0000 [FOUND  ] [00061] /hls/DVB-T2/CH_SPAS_6.m3u8
2026-09-28T09:31:46.377257+0000 [FOUND  ] [00062] /hls/DVB-T2/CH_SPAS_7.m3u8
2026-09-28T09:31:46.377292+0000 [FOUND  ] [00063] /hls/DVB-T2/CH_STS-1.m3u8
2026-09-28T09:31:46.377326+0000 [FOUND  ] [00064] /hls/DVB-T2/CH_STS.m3u8
2026-09-28T09:31:46.377360+0000 [FOUND  ] [00065] /hls/DVB-T2/CH_STS_2.m3u8
2026-09-28T09:31:46.377395+0000 [FOUND  ] [00066] /hls/DVB-T2/CH_STS_4.m3u8
2026-09-28T09:31:46.377439+0000 [FOUND  ] [00067] /hls/DVB-T2/CH_STS_6.m3u8
2026-09-28T09:31:46.377473+0000 [FOUND  ] [00068] /hls/DVB-T2/CH_STS_7.m3u8
2026-09-28T09:31:46.377508+0000 [FOUND  ] [00069] /hls/DVB-T2/CH_DOMASHNIY-1.m3u8
2026-09-28T09:31:46.377542+0000 [FOUND  ] [00070] /hls/DVB-T2/CH_DOMASHNIY.m3u8
2026-09-28T09:31:46.377576+0000 [FOUND  ] [00071] /hls/DVB-T2/CH_DOMASHNIY_2.m3u8
2026-09-28T09:31:46.377610+0000 [FOUND  ] [00072] /hls/DVB-T2/CH_DOMASHNIY_4.m3u8
2026-09-28T09:31:46.377644+0000 [FOUND  ] [00073] /hls/DVB-T2/CH_DOMASHNIY_6.m3u8
2026-09-28T09:31:46.377678+0000 [FOUND  ] [00074] /hls/DVB-T2/CH_DOMASHNIY_7.m3u8
2026-09-28T09:31:46.377711+0000 [FOUND  ] [00075] /hls/DVB-T2/CH_TV3-1.m3u8
2026-09-28T09:31:46.377746+0000 [FOUND  ] [00076] /hls/DVB-T2/CH_TV3.m3u8
2026-09-28T09:31:46.377781+0000 [FOUND  ] [00077] /hls/DVB-T2/CH_TV3_2.m3u8
2026-09-28T09:31:46.377816+0000 [FOUND  ] [00078] /hls/DVB-T2/CH_TV3_4.m3u8
2026-09-28T09:31:46.377855+0000 [FOUND  ] [00079] /hls/DVB-T2/CH_TV3_6.m3u8
2026-09-28T09:31:46.377891+0000 [FOUND  ] [00080] /hls/DVB-T2/CH_TV3_7.m3u8
2026-09-28T09:31:46.377926+0000 [FOUND  ] [00081] /hls/DVB-T2/CH_FRIDAY-1.m3u8
2026-09-28T09:31:46.377960+0000 [FOUND  ] [00082] /hls/DVB-T2/CH_FRIDAY.m3u8
2026-09-28T09:31:46.378037+0000 [FOUND  ] [00083] /hls/DVB-T2/CH_FRIDAY_2.m3u8
2026-09-28T09:31:46.378079+0000 [FOUND  ] [00084] /hls/DVB-T2/CH_FRIDAY_4.m3u8
2026-09-28T09:31:46.378122+0000 [FOUND  ] [00085] /hls/DVB-T2/CH_FRIDAY_6.m3u8
2026-09-28T09:31:46.378156+0000 [FOUND  ] [00086] /hls/DVB-T2/CH_FRIDAY_7.m3u8
2026-09-28T09:31:46.378190+0000 [FOUND  ] [00087] /hls/DVB-T2/CH_ZVEZDA-1.m3u8
2026-09-28T09:31:46.378223+0000 [FOUND  ] [00088] /hls/DVB-T2/CH_ZVEZDA.m3u8
2026-09-28T09:31:46.378257+0000 [FOUND  ] [00089] /hls/DVB-T2/CH_ZVEZDA_2.m3u8
2026-09-28T09:31:46.378290+0000 [FOUND  ] [00090] /hls/DVB-T2/CH_ZVEZDA_4.m3u8
2026-09-28T09:31:46.378324+0000 [FOUND  ] [00091] /hls/DVB-T2/CH_ZVEZDA_6.m3u8
2026-09-28T09:31:46.378358+0000 [FOUND  ] [00092] /hls/DVB-T2/CH_ZVEZDA_7.m3u8
2026-09-28T09:31:46.378393+0000 [FOUND  ] [00093] /hls/DVB-T2/CH_MIR-1.m3u8
2026-09-28T09:31:46.378428+0000 [FOUND  ] [00094] /hls/DVB-T2/CH_MIR.m3u8
2026-09-28T09:31:46.378462+0000 [FOUND  ] [00095] /hls/DVB-T2/CH_MIR_2.m3u8
2026-09-28T09:31:46.378497+0000 [FOUND  ] [00096] /hls/DVB-T2/CH_MIR_4.m3u8
2026-09-28T09:31:46.378532+0000 [FOUND  ] [00097] /hls/DVB-T2/CH_MIR_6.m3u8
2026-09-28T09:31:46.378565+0000 [FOUND  ] [00098] /hls/DVB-T2/CH_MIR_7.m3u8
2026-09-28T09:31:46.378599+0000 [FOUND  ] [00099] /hls/DVB-T2/CH_TNT-1.m3u8
2026-09-28T09:31:46.378681+0000 [FOUND  ] [00100] /hls/DVB-T2/CH_TNT.m3u8
2026-09-28T09:31:46.378745+0000 [FOUND  ] [00101] /hls/DVB-T2/CH_TNT_2.m3u8
2026-09-28T09:31:46.378795+0000 [FOUND  ] [00102] /hls/DVB-T2/CH_TNT_4.m3u8
2026-09-28T09:31:46.378831+0000 [FOUND  ] [00103] /hls/DVB-T2/CH_TNT_6.m3u8
2026-09-28T09:31:46.378865+0000 [FOUND  ] [00104] /hls/DVB-T2/CH_TNT_7.m3u8
2026-09-28T09:31:46.378899+0000 [FOUND  ] [00105] /hls/DVB-T2/CH_MUZTV-1.m3u8
2026-09-28T09:31:46.378933+0000 [FOUND  ] [00106] /hls/DVB-T2/CH_MUZTV.m3u8
2026-09-28T09:31:46.378966+0000 [FOUND  ] [00107] /hls/DVB-T2/CH_MUZTV_2.m3u8
2026-09-28T09:31:46.379054+0000 [FOUND  ] [00108] /hls/DVB-T2/CH_MUZTV_4.m3u8
2026-09-28T09:31:46.379093+0000 [FOUND  ] [00109] /hls/DVB-T2/CH_MUZTV_6.m3u8
2026-09-28T09:31:46.379128+0000 [FOUND  ] [00110] /hls/DVB-T2/CH_MUZTV_7.m3u8
2026-09-28T09:31:46.379162+0000 [FOUND  ] [00111] /hls/zabava/CH_CHE-1.m3u8
2026-09-28T09:31:46.379196+0000 [FOUND  ] [00112] /hls/zabava/CH_CHE.m3u8
2026-09-28T09:31:46.379231+0000 [FOUND  ] [00113] /hls/zabava/CH_CHE_2.m3u8
2026-09-28T09:31:46.379265+0000 [FOUND  ] [00114] /hls/zabava/CH_CHE_4.m3u8
2026-09-28T09:31:46.379299+0000 [FOUND  ] [00115] /hls/zabava/CH_CHE_6.m3u8
2026-09-28T09:31:46.379333+0000 [FOUND  ] [00116] /hls/zabava/CH_CHE_7.m3u8
2026-09-28T09:31:46.379366+0000 [FOUND  ] [00117] /hls/zabava/CH_U-1.m3u8
2026-09-28T09:31:46.379400+0000 [FOUND  ] [00118] /hls/zabava/CH_U.m3u8
2026-09-28T09:31:46.379435+0000 [FOUND  ] [00119] /hls/zabava/CH_U_2.m3u8
2026-09-28T09:31:46.379491+0000 [FOUND  ] [00120] /hls/zabava/CH_U_4.m3u8
2026-09-28T09:31:46.379533+0000 [FOUND  ] [00121] /hls/zabava/CH_U_6.m3u8
2026-09-28T09:31:46.379568+0000 [FOUND  ] [00122] /hls/zabava/CH_U_7.m3u8
2026-09-28T09:31:46.379602+0000 [FOUND  ] [00123] /hls/zabava/region/ABAKAN/CH_RTSHD720.m3u8
2026-09-28T09:31:46.379636+0000 [FOUND  ] [00124] /hls/zabava/region/ABAKAN/CH_TV7.m3u8
2026-09-28T09:31:46.379671+0000 [FOUND  ] [00125] /hls/zabava/region/ABAKAN/CH_8CHANNEL_KRSK.m3u8
2026-09-28T09:31:46.379706+0000 [FOUND  ] [00126] /hls/zabava/region/ABAKAN/CH_ABAKAN24HD.m3u8
2026-09-28T09:31:46.379740+0000 [FOUND  ] [00127] /hls/zabava/region/ARKH/CH_REGION29.m3u8
2026-09-28T09:31:46.379774+0000 [FOUND  ] [00128] /hls/zabava/region/ARKH/CH_STV24.m3u8
2026-09-28T09:31:46.379808+0000 [FOUND  ] [00129] /hls/zabava/region/ASTRH/CH_ASTRAKHAN24HD.m3u8
2026-09-28T09:31:46.379842+0000 [FOUND  ] [00130] /hls/zabava/region/ASTRH/CH_PRO_ASTRAKHANHD.m3u8
2026-09-28T09:31:46.379876+0000 [FOUND  ] [00131] /hls/zabava/region/ACHINSK/CH_ACHINSKOETVHD.m3u8
2026-09-28T09:31:46.379910+0000 [FOUND  ] [00132] /hls/zabava/region/BUL/CH_KATUN24.m3u8
2026-09-28T09:31:46.379944+0000 [FOUND  ] [00133] /hls/zabava/region/BUL/CH_TOLK.m3u8
2026-09-28T09:31:46.380006+0000 [FOUND  ] [00134] /hls/zabava/region/BELG/CH_MIR_BLGRYA.m3u8
2026-09-28T09:31:46.380054+0000 [FOUND  ] [00135] /hls/zabava/region/BELG/CH_BELGOROD24.m3u8
2026-09-28T09:31:46.380089+0000 [FOUND  ] [00136] /hls/zabava/region/BIYSK/CH_BIYSKTVHD.m3u8
2026-09-28T09:31:46.380123+0000 [FOUND  ] [00137] /hls/zabava/region/DV_BIR/CH_NTK.m3u8
2026-09-28T09:31:46.380157+0000 [FOUND  ] [00138] /hls/zabava/region/DV_BLAG/CH_AOTV.m3u8
2026-09-28T09:31:46.380192+0000 [FOUND  ] [00139] /hls/zabava/region/DV_BLAG/CH_GOROD24.m3u8
2026-09-28T09:31:46.380226+0000 [FOUND  ] [00140] /hls/zabava/region/BRATSK/CH_BST24HD.m3u8
2026-09-28T09:31:46.380260+0000 [FOUND  ] [00141] /hls/zabava/region/BRATSK/CH_360_BRATSK.m3u8
2026-09-28T09:31:46.380294+0000 [FOUND  ] [00142] /hls/zabava/region/BRATSK/CH_AKTIS_AGRSK.m3u8
2026-09-28T09:31:46.380327+0000 [FOUND  ] [00143] /hls/zabava/region/BRATSK/CH_TCTHD_CHRMVO.m3u8
2026-09-28T09:31:46.380361+0000 [FOUND  ] [00144] /hls/zabava/region/BRYANSK/CH_BRGUBERNIAHD.m3u8
2026-09-28T09:31:46.380395+0000 [FOUND  ] [00145] /hls/zabava/region/BRYANSK/CH_BRYANSK24HD.m3u8
2026-09-28T09:31:46.380428+0000 [FOUND  ] [00146] /hls/zabava/region/NOVG/CH_NOVGORODTV.m3u8
2026-09-28T09:31:46.380466+0000 [FOUND  ] [00147] /hls/zabava/region/DV_VLD/CH_OTV.m3u8
2026-09-28T09:31:46.380509+0000 [FOUND  ] [00148] /hls/zabava/region/DV_VLD/CH_8KANAL.m3u8
2026-09-28T09:31:46.380546+0000 [FOUND  ] [00149] /hls/zabava/region/DV_VLD/CH_VOSTOK24.m3u8
2026-09-28T09:31:46.380581+0000 [FOUND  ] [00150] /hls/zabava/region/DV_VLD/CH_TELEMIKS.m3u8
2026-09-28T09:31:46.380614+0000 [FOUND  ] [00151] /hls/zabava/region/DV_VLD/CH_25REGIONHD.m3u8
2026-09-28T09:31:46.380648+0000 [FOUND  ] [00152] /hls/zabava/region/VKAZ/CH_IRISTONHD.m3u8
2026-09-28T09:31:46.380681+0000 [FOUND  ] [00153] /hls/zabava/region/VLAD/CH_GUBERNIA33HD.m3u8
2026-09-28T09:31:46.380716+0000 [FOUND  ] [00154] /hls/zabava/region/VLAD/CH_VARIANT_V.m3u8
2026-09-28T09:31:46.380750+0000 [FOUND  ] [00155] /hls/zabava/region/VLAD/CH_6KANALHD.m3u8
2026-09-28T09:31:46.380783+0000 [FOUND  ] [00156] /hls/zabava/region/VGRAD/CH_VOLGOGRAD1HD.m3u8
2026-09-28T09:31:46.380817+0000 [FOUND  ] [00157] /hls/zabava/region/VGRAD/CH_VOLGOGRAD24HD.m3u8
2026-09-28T09:31:46.380851+0000 [FOUND  ] [00158] /hls/zabava/region/VOL/CH_RUSEVER.m3u8
2026-09-28T09:31:46.380884+0000 [FOUND  ] [00159] /hls/zabava/region/VOL/CH_12CHANNEL_CHER.m3u8
2026-09-28T09:31:46.380918+0000 [FOUND  ] [00160] /hls/zabava/region/VRZH/CH_TVGUBERNIYA.m3u8
2026-09-28T09:31:46.380951+0000 [FOUND  ] [00161] /hls/zabava/region/VRZH/CH_ARGUS.m3u8
2026-09-28T09:31:46.381041+0000 [FOUND  ] [00162] /hls/zabava/region/VRZH/CH_IZVESTIYA.m3u8
2026-09-28T09:31:46.381112+0000 [FOUND  ] [00163] /hls/zabava/region/EKT/CH_OTVHD.m3u8
2026-09-28T09:31:46.381176+0000 [FOUND  ] [00164] /hls/zabava/region/EKT/CH_RIMHD.m3u8
2026-09-28T09:31:46.381236+0000 [FOUND  ] [00165] /hls/zabava/region/EKT/CH_IRBITVEST.m3u8
2026-09-28T09:31:46.381294+0000 [FOUND  ] [00166] /hls/zabava/region/EKT/CH_INKOMTV_TALICA.m3u8
2026-09-28T09:31:46.381351+0000 [FOUND  ] [00167] /hls/zabava/region/EKT/CH_VEKTORHD720_TRNSK.m3u8
2026-09-28T09:31:46.381410+0000 [FOUND  ] [00168] /hls/zabava/region/EKT/CH_TELEKON24HD.m3u8
2026-09-28T09:31:46.381451+0000 [FOUND  ] [00169] /hls/zabava/region/EKT/CH_4CHANNEL.m3u8
2026-09-28T09:31:46.381486+0000 [FOUND  ] [00170] /hls/zabava/region/EKT/CH_MIGTV_KRASN.m3u8
2026-09-28T09:31:46.381522+0000 [FOUND  ] [00171] /hls/zabava/region/IVAN/CH_BARS.m3u8
2026-09-28T09:31:46.381567+0000 [FOUND  ] [00172] /hls/zabava/region/IVAN/CH_IOT.m3u8
2026-09-28T09:31:46.381602+0000 [FOUND  ] [00173] /hls/zabava/region/IZHSK/CH_MYUDMURTIA.m3u8
2026-09-28T09:31:46.381637+0000 [FOUND  ] [00174] /hls/zabava/region/YOLA/CH_METR.m3u8
2026-09-28T09:31:46.381671+0000 [FOUND  ] [00175] /hls/zabava/region/IRK/CH_AISTHD.m3u8
2026-09-28T09:31:46.381705+0000 [FOUND  ] [00176] /hls/zabava/region/IRK/CH_AKTISHD720.m3u8
2026-09-28T09:31:46.381739+0000 [FOUND  ] [00177] /hls/zabava/region/IRK/CH_NTSHD.m3u8
2026-09-28T09:31:46.381773+0000 [FOUND  ] [00178] /hls/zabava/region/KZN/CH_TNVT.m3u8
2026-09-28T09:31:46.381808+0000 [FOUND  ] [00179] /hls/zabava/region/KZN/CH_TATARSTAN24.m3u8
2026-09-28T09:31:46.381842+0000 [FOUND  ] [00180] /hls/zabava/region/KZN/CH_MAIDAN.m3u8
2026-09-28T09:31:46.381875+0000 [FOUND  ] [00181] /hls/zabava/region/KZN/CH_TMTV.m3u8
2026-09-28T09:31:46.381909+0000 [FOUND  ] [00182] /hls/zabava/region/KZN/CH_EFIR.m3u8
2026-09-28T09:31:46.381943+0000 [FOUND  ] [00183] /hls/zabava/region/KZN/CH_TNVPLANETA.m3u8
2026-09-28T09:31:46.382008+0000 [FOUND  ] [00184] /hls/zabava/region/UFA/CH_SHAYANTV_KZN.m3u8
2026-09-28T09:31:46.382057+0000 [FOUND  ] [00185] /hls/zabava/region/KLGR/CH_KASKAD.m3u8
2026-09-28T09:31:46.382092+0000 [FOUND  ] [00186] /hls/zabava/region/KALUGA/CH_NIKA.m3u8
2026-09-28T09:31:46.382127+0000 [FOUND  ] [00187] /hls/zabava/region/DV_KAM/CH_KAMCHATKA1HD.m3u8
2026-09-28T09:31:46.382160+0000 [FOUND  ] [00188] /hls/zabava/region/DV_KAM/CH_41REG.m3u8
2026-09-28T09:31:46.382193+0000 [FOUND  ] [00189] /hls/zabava/region/KEM/CH_KUZBASS1.m3u8
2026-09-28T09:31:46.382226+0000 [FOUND  ] [00190] /hls/zabava/region/KEM/CH_IZVEST_KEMR.m3u8
2026-09-28T09:31:46.382259+0000 [FOUND  ] [00191] /hls/zabava/region/KEM/CH_ANGERSKTV.m3u8
2026-09-28T09:31:46.382292+0000 [FOUND  ] [00192] /hls/zabava/region/KIROV/CH_9TVHD.m3u8
2026-09-28T09:31:46.382361+0000 [FOUND  ] [00193] /hls/zabava/region/KIROV/CH_1GORODSKOYHD720.m3u8
2026-09-28T09:31:46.382454+0000 [FOUND  ] [00194] /hls/zabava/region/KOSTROMA/CH_RUS.m3u8
2026-09-28T09:31:46.382524+0000 [FOUND  ] [00195] /hls/zabava/region/KRDAR/CH_KUBAN24.m3u8
2026-09-28T09:31:46.382599+0000 [FOUND  ] [00196] /hls/zabava/region/KRDAR/CH_KRASNODARHD.m3u8
2026-09-28T09:31:46.382653+0000 [FOUND  ] [00197] /hls/zabava/region/KRDAR/CH_RBC-KRD.m3u8
2026-09-28T09:31:46.382734+0000 [FOUND  ] [00198] /hls/zabava/region/KRSK/CH_ENISEYHD.m3u8
2026-09-28T09:31:46.382815+0000 [FOUND  ] [00199] /hls/zabava/region/KRSK/CH_7CHANNELHD.m3u8
2026-09-28T09:31:46.382890+0000 [FOUND  ] [00200] /hls/zabava/region/KRSK/CH_PRIMAHD.m3u8
2026-09-28T09:31:46.382963+0000 [FOUND  ] [00201] /hls/zabava/region/KRSK/CH_TVK24HD.m3u8
2026-09-28T09:31:46.383074+0000 [FOUND  ] [00202] /hls/zabava/region/KRG/CH_INFO24HD.m3u8
2026-09-28T09:31:46.383148+0000 [FOUND  ] [00203] /hls/zabava/region/KRG/CH_OBLAST45HD720.m3u8
2026-09-28T09:31:46.383205+0000 [FOUND  ] [00204] /hls/zabava/region/KURSK/CH_TAKT24.m3u8
2026-09-28T09:31:46.383259+0000 [FOUND  ] [00205] /hls/zabava/region/KURSK/CH_SEIM.m3u8
2026-09-28T09:31:46.383311+0000 [FOUND  ] [00206] /hls/zabava/region/TUVA/CH_TUVA24.m3u8
2026-09-28T09:31:46.383363+0000 [FOUND  ] [00207] /hls/zabava/region/LIPETSK/CH_LVREMYAHD.m3u8
2026-09-28T09:31:46.383415+0000 [FOUND  ] [00208] /hls/zabava/region/LIPETSK/CH_VOTTVHD.m3u8
2026-09-28T09:31:46.383467+0000 [FOUND  ] [00209] /hls/zabava/region/LIPETSK/CH_LIPTIMEHD.m3u8
2026-09-28T09:31:46.383518+0000 [FOUND  ] [00210] /hls/zabava/region/LIPETSK/CH_ELETS.m3u8
2026-09-28T09:31:46.383569+0000 [FOUND  ] [00211] /hls/zabava/region/DV_MGDN/CH_KOLYMAHD.m3u8
2026-09-28T09:31:46.383605+0000 [FOUND  ] [00212] /hls/zabava/region/DV_MGDN/CH_KARIBU.m3u8
2026-09-28T09:31:46.383640+0000 [FOUND  ] [00213] /hls/zabava/region/DV_MGDN/CH_MGDN_MGTK.m3u8
2026-09-28T09:31:46.383674+0000 [FOUND  ] [00214] /hls/zabava/region/MAYK/CH_MAYKOP.m3u8
2026-09-28T09:31:46.383709+0000 [FOUND  ] [00215] /hls/zabava/region/MAHACHK/CH_DAGESTAN.m3u8
2026-09-28T09:31:46.383742+0000 [FOUND  ] [00216] /hls/zabava/region/MOS/CH_MOSKVA24.m3u8
2026-09-28T09:31:46.383776+0000 [FOUND  ] [00217] /hls/zabava/region/MOS/CH_MOSKVADOVERIE.m3u8
2026-09-28T09:31:46.383809+0000 [FOUND  ] [00218] /hls/zabava/region/MOS/CH_TEOTVHD.m3u8
2026-09-28T09:31:46.383843+0000 [FOUND  ] [00219] /hls/zabava/region/MURM/CH_ARCTICHD.m3u8
2026-09-28T09:31:46.383877+0000 [FOUND  ] [00220] /hls/zabava/region/MURM/CH_TV21PLUS.m3u8
2026-09-28T09:31:46.383910+0000 [FOUND  ] [00221] /hls/zabava/region/NALCH/CH_KBR.m3u8
2026-09-28T09:31:46.383945+0000 [FOUND  ] [00222] /hls/zabava/region/NAO/CH_SEVER.m3u8
2026-09-28T09:31:46.384021+0000 [FOUND  ] [00223] /hls/zabava/region/NN/CH_VOLGA.m3u8
2026-09-28T09:31:46.384072+0000 [FOUND  ] [00224] /hls/zabava/region/NN/CH_VOLGA24HD720.m3u8
2026-09-28T09:31:46.384108+0000 [FOUND  ] [00225] /hls/zabava/region/NN/CH_NNTVHD720.m3u8
2026-09-28T09:31:46.384142+0000 [FOUND  ] [00226] /hls/zabava/region/NN/CH_DZERZHINSKHD.m3u8
2026-09-28T09:31:46.384176+0000 [FOUND  ] [00227] /hls/zabava/region/NTAG/CH_TAGILTV.m3u8
2026-09-28T09:31:46.384211+0000 [FOUND  ] [00228] /hls/zabava/region/NVKZ/CH_DESYATKA.m3u8
2026-09-28T09:31:46.384244+0000 [FOUND  ] [00229] /hls/zabava/region/NVKZ/CH_PROZHIZNHD.m3u8
2026-09-28T09:31:46.384277+0000 [FOUND  ] [00230] /hls/zabava/region/NSK/CH_OTSHD_BERDSK.m3u8
2026-09-28T09:31:46.384311+0000 [FOUND  ] [00231] /hls/zabava/region/NSK/CH_OTSHD.m3u8
2026-09-28T09:31:46.384346+0000 [FOUND  ] [00232] /hls/zabava/region/NSK/CH_NSK49CHANNELHD.m3u8
2026-09-28T09:31:46.384380+0000 [FOUND  ] [00233] /hls/zabava/region/NSK/CH_8CHANNEL.m3u8
2026-09-28T09:31:46.384414+0000 [FOUND  ] [00234] /hls/zabava/region/NBK/CH_YAMREG.m3u8
2026-09-28T09:31:46.384448+0000 [FOUND  ] [00235] /hls/zabava/region/NBK/CH_MIGTVHD.m3u8
2026-09-28T09:31:46.384481+0000 [FOUND  ] [00236] /hls/zabava/region/NBK/CH_IMPULSHD.m3u8
2026-09-28T09:31:46.384514+0000 [FOUND  ] [00237] /hls/zabava/region/NBK/CH_MURAVLENKO24HD.m3u8
2026-09-28T09:31:46.384554+0000 [FOUND  ] [00238] /hls/zabava/region/NBK/CH_YAMAL1HD.m3u8
2026-09-28T09:31:46.384590+0000 [FOUND  ] [00239] /hls/zabava/region/NBK/CH_VEKTOR24_GUBK.m3u8
2026-09-28T09:31:46.384626+0000 [FOUND  ] [00240] /hls/zabava/region/NBK/CH_VESTN_NADHD.m3u8
2026-09-28T09:31:46.384660+0000 [FOUND  ] [00241] /hls/zabava/region/NBK/CH_LUTCHHD.m3u8
2026-09-28T09:31:46.384695+0000 [FOUND  ] [00242] /hls/zabava/region/OMSK/CH_12CHANNELHD.m3u8
2026-09-28T09:31:46.384729+0000 [FOUND  ] [00243] /hls/zabava/region/OMSK/CH_1GORODSKOY.m3u8
2026-09-28T09:31:46.384763+0000 [FOUND  ] [00244] /hls/zabava/region/OMSK/CH_PRODVIZHENIEHD.m3u8
2026-09-28T09:31:46.384796+0000 [FOUND  ] [00245] /hls/zabava/region/OMSK/CH_OMSKTVHD.m3u8
2026-09-28T09:31:46.384829+0000 [FOUND  ] [00246] /hls/zabava/region/ORL/CH_1OBLASTNOY.m3u8
2026-09-28T09:31:46.384862+0000 [FOUND  ] [00247] /hls/zabava/region/ORL/CH_ISTOKI.m3u8
2026-09-28T09:31:46.384896+0000 [FOUND  ] [00248] /hls/zabava/region/ORB/CH_ORTPLANETA.m3u8
2026-09-28T09:31:46.384929+0000 [FOUND  ] [00249] /hls/zabava/region/ORB/CH_EVRAZIYAHD.m3u8
2026-09-28T09:31:46.384963+0000 [FOUND  ] [00250] /hls/zabava/region/PENZA/CH_EXPRESSHD.m3u8
2026-09-28T09:31:46.385038+0000 [FOUND  ] [00251] /hls/zabava/region/PENZA/CH_NASHDOMHD.m3u8
2026-09-28T09:31:46.385079+0000 [FOUND  ] [00252] /hls/zabava/region/PERM/CH_VETTA24.m3u8
2026-09-28T09:31:46.385114+0000 [FOUND  ] [00253] /hls/zabava/region/PERM/CH_RIFEY.m3u8
2026-09-28T09:31:46.385148+0000 [FOUND  ] [00254] /hls/zabava/region/PERM/CH_VERHTV_BRZKI.m3u8
2026-09-28T09:31:46.385182+0000 [FOUND  ] [00255] /hls/zabava/region/PERM/CH_SVOETV_BRZKI.m3u8
2026-09-28T09:31:46.385216+0000 [FOUND  ] [00256] /hls/zabava/region/PERM/CH_LTKHD_LSVA.m3u8
2026-09-28T09:31:46.385250+0000 [FOUND  ] [00257] /hls/zabava/region/PERM/CH_SOYUZ_CHUS.m3u8
2026-09-28T09:31:46.385283+0000 [FOUND  ] [00258] /hls/zabava/region/PZAV/CH_SAMPOTV.m3u8
2026-09-28T09:31:46.385317+0000 [FOUND  ] [00259] /hls/zabava/region/RD/CH_1ROSTOVSKIYHD.m3u8
2026-09-28T09:31:46.385350+0000 [FOUND  ] [00260] /hls/zabava/region/RD/CH_DON24HD.m3u8
2026-09-28T09:31:46.385384+0000 [FOUND  ] [00261] /hls/zabava/region/RD/CH_TAGANROG5_TGNROG.m3u8
2026-09-28T09:31:46.385418+0000 [FOUND  ] [00262] /hls/zabava/region/RD/CH_VOLGVEST_VOLG.m3u8
2026-09-28T09:31:46.385451+0000 [FOUND  ] [00263] /hls/zabava/region/RD/CH_NOVOSHAHTINSKHD_NVSHNSK.m3u8
2026-09-28T09:31:46.385485+0000 [FOUND  ] [00264] /hls/zabava/region/RD/CH_SHAHTYHD.m3u8
2026-09-28T09:31:46.385518+0000 [FOUND  ] [00265] /hls/zabava/region/RD/CH_BATAYSKHD.m3u8
2026-09-28T09:31:46.385552+0000 [FOUND  ] [00266] /hls/zabava/region/RD/CH_NOVOCHERKASSKHD.m3u8
2026-09-28T09:31:46.385584+0000 [FOUND  ] [00267] /hls/zabava/region/RYB/CH_RYBINSK40HD.m3u8
2026-09-28T09:31:46.385618+0000 [FOUND  ] [00268] /hls/zabava/region/RYAZ/CH_TKPHD.m3u8
2026-09-28T09:31:46.385652+0000 [FOUND  ] [00269] /hls/zabava/region/RYAZ/CH_GOROD.m3u8
2026-09-28T09:31:46.385685+0000 [FOUND  ] [00270] /hls/zabava/region/SAMARA/CH_SAMARA24.m3u8
2026-09-28T09:31:46.385718+0000 [FOUND  ] [00271] /hls/zabava/region/SAMARA/CH_KTVLUCH.m3u8
2026-09-28T09:31:46.385752+0000 [FOUND  ] [00272] /hls/zabava/region/SAMARA/CH_TOLYTTI24HD.m3u8
2026-09-28T09:31:46.385785+0000 [FOUND  ] [00273] /hls/zabava/region/SAMARA/CH_GUBERNIA.m3u8
2026-09-28T09:31:46.385818+0000 [FOUND  ] [00274] /hls/zabava/region/SAMARA/CH_SAMARAGISHD.m3u8
2026-09-28T09:31:46.385851+0000 [FOUND  ] [00275] /hls/zabava/region/SPB/CH_LENTV24.m3u8
2026-09-28T09:31:46.385884+0000 [FOUND  ] [00276] /hls/zabava/region/SPB/CH_SPB.m3u8
2026-09-28T09:31:46.385918+0000 [FOUND  ] [00277] /hls/zabava/region/SPB/CH_78CHANNELHD.m3u8
2026-09-28T09:31:46.385951+0000 [FOUND  ] [00278] /hls/zabava/region/SRNK/CH_10CHANNEL.m3u8
2026-09-28T09:31:46.386017+0000 [FOUND  ] [00279] /hls/zabava/region/SRNK/CH_NTM.m3u8
2026-09-28T09:31:46.386062+0000 [FOUND  ] [00280] /hls/zabava/region/SARATOV/CH_SARATOV24HD.m3u8
2026-09-28T09:31:46.386097+0000 [FOUND  ] [00281] /hls/zabava/region/DV_SLIN_OBL/CH_OTV_SLIN.m3u8
2026-09-28T09:31:46.386137+0000 [FOUND  ] [00282] /hls/zabava/region/DV_SLIN/CH_ACTV.m3u8
2026-09-28T09:31:46.386173+0000 [FOUND  ] [00283] /hls/zabava/region/SOCHI/CH_SOCHI24HD.m3u8
2026-09-28T09:31:46.386232+0000 [FOUND  ] [00284] /hls/zabava/region/STAVR/CH_KAVKAZ24.m3u8
2026-09-28T09:31:46.386304+0000 [FOUND  ] [00285] /hls/zabava/region/STAVR/CH_SVOETVHD.m3u8
2026-09-28T09:31:46.386361+0000 [FOUND  ] [00286] /hls/zabava/region/STAVR/CH_ATV.m3u8
2026-09-28T09:31:46.386425+0000 [FOUND  ] [00287] /hls/zabava/region/SUR/CH_UGRA.m3u8
2026-09-28T09:31:46.386467+0000 [FOUND  ] [00288] /hls/zabava/region/SUR/CH_UGRATRAVEL.m3u8
2026-09-28T09:31:46.386501+0000 [FOUND  ] [00289] /hls/zabava/region/SUR/CH_C1HD.m3u8
2026-09-28T09:31:46.386535+0000 [FOUND  ] [00290] /hls/zabava/region/SUR/CH_C86HD.m3u8
2026-09-28T09:31:46.386569+0000 [FOUND  ] [00291] /hls/zabava/region/SUR/CH_SURGUT24HD.m3u8
2026-09-28T09:31:46.386603+0000 [FOUND  ] [00292] /hls/zabava/region/SUR/CH_1SOVETSKIYHD.m3u8
2026-09-28T09:31:46.386636+0000 [FOUND  ] [00293] /hls/zabava/region/SUR/CH_2TV_RADUZHNY.m3u8
2026-09-28T09:31:46.386670+0000 [FOUND  ] [00294] /hls/zabava/region/SUR/CH_NGORHD.m3u8
2026-09-28T09:31:46.386704+0000 [FOUND  ] [00295] /hls/zabava/region/SUR/CH_YUGANSK_YUNSK.m3u8
2026-09-28T09:31:46.386737+0000 [FOUND  ] [00296] /hls/zabava/region/SUR/CH_NYAGANTV.m3u8
2026-09-28T09:31:46.386770+0000 [FOUND  ] [00297] /hls/zabava/region/SUR/CH_TNR7HD.m3u8
2026-09-28T09:31:46.386804+0000 [FOUND  ] [00298] /hls/zabava/region/SUR/CH_TNR24HD_NIZH.m3u8
2026-09-28T09:31:46.386837+0000 [FOUND  ] [00299] /hls/zabava/region/SUR/CH_SAMOTLORHD_NIZH.m3u8
2026-09-28T09:31:46.386871+0000 [FOUND  ] [00300] /hls/zabava/region/SUR/CH_PYT-YAHINFORM.m3u8
2026-09-28T09:31:46.386904+0000 [FOUND  ] [00301] /hls/zabava/region/SUR/CH_MEGAPOLISHD.m3u8
2026-09-28T09:31:46.386937+0000 [FOUND  ] [00302] /hls/zabava/region/SKTV/CH_YURGAN.m3u8
2026-09-28T09:31:46.386971+0000 [FOUND  ] [00303] /hls/zabava/region/TAMB/CH_NOVIY_VEK.m3u8
2026-09-28T09:31:46.387049+0000 [FOUND  ] [00304] /hls/zabava/region/TVER/CH_TVERPROSPHD.m3u8
2026-09-28T09:31:46.387085+0000 [FOUND  ] [00305] /hls/zabava/region/TVER/CH_PANORAMATVHD.m3u8
2026-09-28T09:31:46.387119+0000 [FOUND  ] [00306] /hls/zabava/region/TOMSK/CH_TOMSKVREMYAHD.m3u8
2026-09-28T09:31:46.387158+0000 [FOUND  ] [00307] /hls/zabava/region/TULA/CH_1TULSKIY.m3u8
2026-09-28T09:31:46.387192+0000 [FOUND  ] [00308] /hls/zabava/region/TUM/CH_TUMVREMYA.m3u8
2026-09-28T09:31:46.387226+0000 [FOUND  ] [00309] /hls/zabava/region/TUM/CH_TVOYA.m3u8
2026-09-28T09:31:46.387260+0000 [FOUND  ] [00310] /hls/zabava/region/TUM/CH_TOBOLSKOEVREMYA_TBLSK.m3u8
2026-09-28T09:31:46.387293+0000 [FOUND  ] [00311] /hls/zabava/region/UUDE/CH_ATVMEDIA.m3u8
2026-09-28T09:31:46.387327+0000 [FOUND  ] [00312] /hls/zabava/region/UUDE/CH_TIVICOMHD.m3u8
2026-09-28T09:31:46.387360+0000 [FOUND  ] [00313] /hls/zabava/region/UUDE/CH_ARIGUSHD.m3u8
2026-09-28T09:31:46.387393+0000 [FOUND  ] [00314] /hls/zabava/region/UUDE/CH_BURYAADHD.m3u8
2026-09-28T09:31:46.387426+0000 [FOUND  ] [00315] /hls/zabava/region/UL/CH_REP73.m3u8
2026-09-28T09:31:46.387459+0000 [FOUND  ] [00316] /hls/zabava/region/UL/CH_ULPRAVDAHD.m3u8
2026-09-28T09:31:46.387492+0000 [FOUND  ] [00317] /hls/zabava/region/UFA/CH_BASHKORTOSTAN24HD720.m3u8
2026-09-28T09:31:46.387525+0000 [FOUND  ] [00318] /hls/zabava/region/UFA/CH_MATURTVHD.m3u8
2026-09-28T09:31:46.387558+0000 [FOUND  ] [00319] /hls/zabava/region/UFA/CH_TAMYRTV.m3u8
2026-09-28T09:31:46.387591+0000 [FOUND  ] [00320] /hls/zabava/region/UFA/CH_SALYAMHD.m3u8
2026-09-28T09:31:46.387624+0000 [FOUND  ] [00321] /hls/zabava/region/UFA/CH_NEXTTV_NFSK.m3u8
2026-09-28T09:31:46.387658+0000 [FOUND  ] [00322] /hls/zabava/region/UFA/CH_TUGANTEL.m3u8
2026-09-28T09:31:46.387691+0000 [FOUND  ] [00323] /hls/zabava/region/UFA/CH_KURAYTV.m3u8
2026-09-28T09:31:46.387724+0000 [FOUND  ] [00324] /hls/zabava/region/UFA/CH_UCHALYTV.m3u8
2026-09-28T09:31:46.387757+0000 [FOUND  ] [00325] /hls/zabava/region/DV_HVSK/CH_GUBERNIYA.m3u8
2026-09-28T09:31:46.387790+0000 [FOUND  ] [00326] /hls/zabava/region/DV_HVSK/CH_6TV.m3u8
2026-09-28T09:31:46.387829+0000 [FOUND  ] [00327] /hls/zabava/region/DV_HVSK/CH_6TVKMS.m3u8
2026-09-28T09:31:46.387865+0000 [FOUND  ] [00328] /hls/zabava/region/CHR/CH_UTV.m3u8
2026-09-28T09:31:46.387897+0000 [FOUND  ] [00329] /hls/zabava/region/CHR/CH_NATIONALTVHD.m3u8
2026-09-28T09:31:46.387931+0000 [FOUND  ] [00330] /hls/zabava/region/CHEL/CH_31TV.m3u8
2026-09-28T09:31:46.387963+0000 [FOUND  ] [00331] /hls/zabava/region/CHEL/CH_URAL1HD.m3u8
2026-09-28T09:31:46.388039+0000 [FOUND  ] [00332] /hls/zabava/region/CHEL/CH_TVINHD_MAGN.m3u8
2026-09-28T09:31:46.388079+0000 [FOUND  ] [00333] /hls/zabava/region/CHEL/CH_ZLATTV.m3u8
2026-09-28T09:31:46.388114+0000 [FOUND  ] [00334] /hls/zabava/region/CHEL/CH_VOSTEXPRESSHD.m3u8
2026-09-28T09:31:46.388148+0000 [FOUND  ] [00335] /hls/zabava/region/CHEL/CH_OTVHD.m3u8
2026-09-28T09:31:46.388181+0000 [FOUND  ] [00336] /hls/zabava/region/CHERKS/CH_ARKHIZ24HD.m3u8
2026-09-28T09:31:46.388215+0000 [FOUND  ] [00337] /hls/zabava/region/CHITA/CH_RTKZABHD.m3u8
2026-09-28T09:31:46.388249+0000 [FOUND  ] [00338] /hls/zabava/region/DV_YKT/CH_NVCHD.m3u8
2026-09-28T09:31:46.388282+0000 [FOUND  ] [00339] /hls/zabava/region/DV_YKT/CH_YAKT24.m3u8
2026-09-28T09:31:46.388315+0000 [FOUND  ] [00340] /hls/zabava/region/DV_YKT/CH_MAMONT.m3u8
2026-09-28T09:31:46.388348+0000 [FOUND  ] [00341] /hls/zabava/region/YARL/CH_1YAROSLAVSKIYHD.m3u8
2026-09-28T09:31:46.388383+0000 [FOUND  ] [00342] /hls/zabava/region/YARL/CH_GTREG.m3u8
2026-09-28T09:31:46.388416+0000 [FOUND  ] [00343] /hls/zabava/CH_STSLOVE-1.m3u8
2026-09-28T09:31:46.388449+0000 [FOUND  ] [00344] /hls/zabava/CH_STSLOVE.m3u8
2026-09-28T09:31:46.388482+0000 [FOUND  ] [00345] /hls/zabava/CH_STSLOVE_2.m3u8
2026-09-28T09:31:46.388515+0000 [FOUND  ] [00346] /hls/zabava/CH_STSLOVE_4.m3u8
2026-09-28T09:31:46.388548+0000 [FOUND  ] [00347] /hls/zabava/CH_2X2-1.m3u8
2026-09-28T09:31:46.388582+0000 [FOUND  ] [00348] /hls/zabava/CH_2X2.m3u8
2026-09-28T09:31:46.388615+0000 [FOUND  ] [00349] /hls/zabava/CH_2X2_2.m3u8
2026-09-28T09:31:46.388649+0000 [FOUND  ] [00350] /hls/zabava/CH_2X2_4.m3u8
2026-09-28T09:31:46.388682+0000 [FOUND  ] [00351] /hls/zabava/CH_2X2_6.m3u8
2026-09-28T09:31:46.388715+0000 [FOUND  ] [00352] /hls/zabava/CH_2X2_7.m3u8
2026-09-28T09:31:46.388748+0000 [FOUND  ] [00353] /hls/zabava/CH_SUBBOTA-1.m3u8
2026-09-28T09:31:46.388782+0000 [FOUND  ] [00354] /hls/zabava/CH_SUBBOTA.m3u8
2026-09-28T09:31:46.388815+0000 [FOUND  ] [00355] /hls/zabava/CH_SUBBOTA_2.m3u8
2026-09-28T09:31:46.388848+0000 [FOUND  ] [00356] /hls/zabava/CH_SUBBOTA_4.m3u8
2026-09-28T09:31:46.388881+0000 [FOUND  ] [00357] /hls/zabava/CH_SUBBOTA_6.m3u8
2026-09-28T09:31:46.388915+0000 [FOUND  ] [00358] /hls/zabava/CH_SUBBOTA_7.m3u8
2026-09-28T09:31:46.388948+0000 [FOUND  ] [00359] /hls/zabava/CH_TNT4-1.m3u8
2026-09-28T09:31:46.389013+0000 [FOUND  ] [00360] /hls/zabava/CH_TNT4.m3u8
2026-09-28T09:31:46.389057+0000 [FOUND  ] [00361] /hls/zabava/CH_TNT4_2.m3u8
2026-09-28T09:31:46.389092+0000 [FOUND  ] [00362] /hls/zabava/CH_TNT4_4.m3u8
2026-09-28T09:31:46.389125+0000 [FOUND  ] [00363] /hls/zabava/CH_TNT4_6.m3u8
2026-09-28T09:31:46.389158+0000 [FOUND  ] [00364] /hls/zabava/CH_TNT4_7.m3u8
2026-09-28T09:31:46.389192+0000 [FOUND  ] [00365] /hls/zabava/CH_DISNEY-1.m3u8
2026-09-28T09:31:46.389226+0000 [FOUND  ] [00366] /hls/zabava/CH_DISNEY.m3u8
2026-09-28T09:31:46.389259+0000 [FOUND  ] [00367] /hls/zabava/CH_DISNEY_2.m3u8
2026-09-28T09:31:46.389292+0000 [FOUND  ] [00368] /hls/zabava/CH_DISNEY_4.m3u8
2026-09-28T09:31:46.389324+0000 [FOUND  ] [00369] /hls/zabava/CH_DISNEY_6.m3u8
2026-09-28T09:31:46.389358+0000 [FOUND  ] [00370] /hls/zabava/CH_DISNEY_7.m3u8
2026-09-28T09:31:46.389392+0000 [FOUND  ] [00371] /hls/zabava/CH_VSETV.m3u8
2026-09-28T09:31:46.389425+0000 [FOUND  ] [00372] /hls/zabava/CH_VSETVHD.m3u8
2026-09-28T09:31:46.417014+0000 [INFO   ] TXT SAVED : zabava_tails.txt
2026-09-28T09:31:46.417648+0000 [INFO   ] JSON SAVED : zabava_tails.json
2026-09-28T09:31:46.417717+0000 [INFO   ] ========================================
2026-09-28T09:31:46.417764+0000 [INFO   ]              SCAN RESULT
2026-09-28T09:31:46.417812+0000 [INFO   ] ========================================
2026-09-28T09:31:46.417855+0000 [INFO   ] URLS        : 374
2026-09-28T09:31:46.417896+0000 [INFO   ] UNIQUE TAILS: 372
2026-09-28T09:31:46.417967+0000 [INFO   ] DURATION    : 1.399s
2026-09-28T09:31:46.418046+0000 [INFO   ] ========================================
2026-09-28T09:31:46.418091+0000 [INFO   ]        ZABAVA TAIL SCAN COMPLETE
2026-09-28T09:31:46.418131+0000 [INFO   ] ========================================
