2026-09-10 19:33:33,310 | INFO | ==============================================
2026-09-10 19:33:33,310 | INFO | TELEVIZOR-24-TOCHKA M3U8 SCANNER
2026-09-10 19:33:33,310 | INFO | Диапазон: 1-1000
2026-09-10 19:33:33,310 | INFO | ==============================================
2026-09-10 19:33:35,109 | INFO | [0001] FOUND | M3U8_MASTER | название не указано | RES=426x240, 1024x576, 640x360 | BW=446000, 796000, 2096000
2026-09-10 19:33:45,391 | INFO | [0002] TIMEOUT | HTTP=None
2026-09-10 19:33:47,908 | INFO | [0003] FOUND | M3U8_MASTER | название не указано | RES=426x240, 1024x576, 640x360 | BW=446000, 796000, 2096000
2026-09-10 19:33:48,566 | INFO | [0004] FOUND | M3U8_MASTER | название не указано | RES=426x240, 1024x576, 640x360 | BW=446000, 796000, 2096000
2026-09-10 19:33:49,981 | INFO | [0005] FOUND | M3U8_MASTER | название не указано | RES=426x240, 1024x576, 640x360 | BW=446000, 796000, 2096000
2026-09-10 19:33:51,398 | INFO | [0006] FOUND | M3U8_MASTER | название не указано | RES=426x240, 1024x576, 640x360 | BW=446000, 796000, 2096000
2026-09-10 19:33:52,055 | INFO | [0007] FOUND | M3U8_MASTER | название не указано | RES=426x240, 1024x576, 640x360 | BW=446000, 796000, 2096000
2026-09-10 19:33:53,469 | INFO | [0008] FOUND | M3U8_MASTER | название не указано | RES=426x240, 1024x576, 640x360 | BW=446000, 796000, 2096000
2026-09-10 19:33:54,125 | INFO | [0009] FOUND | M3U8_MASTER | название не указано | RES=426x240, 1024x576, 640x360 | BW=446000, 796000, 2096000
2026-09-10 19:33:54,960 | INFO | [0010] FOUND | M3U8_MASTER | название не указано | RES=426x240, 1024x576, 640x360 | BW=446000, 796000, 2096000
2026-09-10 19:33:56,629 | INFO | [0011] FOUND | M3U8_MASTER | название не указано | RES=426x240, 1024x576, 640x360 | BW=446000, 796000, 2096000
2026-09-10 19:33:58,193 | INFO | [0012] FOUND | M3U8_MASTER | название не указано | RES=426x240, 1024x576, 640x360 | BW=446000, 796000, 2096000
2026-09-10 19:33:59,629 | INFO | [0013] FOUND | M3U8_MASTER | название не указано | RES=426x240, 1024x576, 640x360 | BW=446000, 796000, 2096000
2026-09-10 19:34:01,044 | INFO | [0014] FOUND | M3U8_MASTER | название не указано | RES=426x240, 1024x576, 640x360 | BW=446000, 796000, 2096000
2026-09-10 19:34:01,700 | INFO | [0015] FOUND | M3U8_MASTER | название не указано | RES=426x240, 1024x576, 640x360 | BW=446000, 796000, 2096000
2026-09-10 19:34:02,353 | INFO | [0016] FOUND | M3U8_MASTER | название не указано | RES=426x240, 1024x576, 640x360 | BW=446000, 796000, 2096000
2026-09-10 19:34:03,763 | INFO | [0017] FOUND | M3U8_MASTER | название не указано | RES=426x240, 1024x576, 640x360 | BW=446000, 796000, 2096000
2026-09-10 19:34:04,605 | INFO | [0018] FOUND | M3U8_MASTER | название не указано | RES=426x240, 1024x576, 640x360 | BW=446000, 796000, 2096000
2026-09-10 19:34:05,259 | INFO | [0019] FOUND | M3U8_MASTER | название не указано | RES=426x240, 1024x576, 640x360 | BW=446000, 796000, 2096000
2026-09-10 19:34:05,921 | INFO | [0020] FOUND | M3U8_MASTER | название не указано | RES=426x240, 1024x576, 640x360 | BW=446000, 796000, 2096000
2026-09-10 19:34:06,591 | INFO | [0021] FOUND | M3U8_MASTER | название не указано | RES=426x240, 1024x576, 640x360 | BW=446000, 796000, 2096000
2026-09-10 19:34:07,731 | INFO | [0022] FOUND | M3U8_MASTER | название не указано | RES=426x240, 1024x576, 640x360 | BW=446000, 796000, 2096000
2026-09-10 19:34:09,152 | INFO | [0023] FOUND | M3U8_MASTER | название не указано | RES=426x240, 1024x576, 640x360 | BW=446000, 796000, 2096000
2026-09-10 19:34:10,568 | INFO | [0024] FOUND | M3U8_MASTER | название не указано | RES=426x240, 1024x576, 640x360 | BW=446000, 796000, 2096000
2026-09-10 19:34:11,228 | INFO | [0025] FOUND | M3U8_MASTER | название не указано | RES=426x240, 1024x576, 640x360 | BW=446000, 796000, 2096000
2026-09-10 19:34:11,881 | INFO | [0026] FOUND | M3U8_MASTER | название не указано | RES=426x240, 1024x576, 640x360 | BW=446000, 796000, 2096000
2026-09-10 19:34:13,307 | INFO | [0027] FOUND | M3U8_MASTER | название не указано | RES=426x240, 1024x576, 640x360 | BW=446000, 796000, 2096000
2026-09-10 19:34:13,976 | INFO | [0028] FOUND | M3U8_MASTER | название не указано | RES=426x240, 1024x576, 640x360 | BW=446000, 796000, 2096000
2026-09-10 19:34:14,628 | INFO | [0029] FOUND | M3U8_MASTER | название не указано | RES=426x240, 1024x576, 640x360 | BW=446000, 796000, 2096000
2026-09-10 19:34:15,282 | INFO | [0030] FOUND | M3U8_MASTER | название не указано | RES=426x240, 1024x576, 640x360 | BW=446000, 796000, 2096000
2026-09-10 19:34:15,687 | INFO | [0031] HTTP_412 | HTTP=412
2026-09-10 19:34:16,087 | INFO | [0032] HTTP_412 | HTTP=412
2026-09-10 19:34:17,454 | INFO | [0033] HTTP_412 | HTTP=412
2026-09-10 19:34:17,855 | INFO | [0034] HTTP_412 | HTTP=412
2026-09-10 19:34:18,256 | INFO | [0035] HTTP_412 | HTTP=412
2026-09-10 19:34:18,656 | INFO | [0036] HTTP_412 | HTTP=412
2026-09-10 19:34:19,059 | INFO | [0037] HTTP_412 | HTTP=412
2026-09-10 19:34:20,479 | INFO | [0038] FOUND | M3U8_MASTER | название не указано | RES=426x240, 1024x576, 640x360 | BW=446000, 796000, 2096000
2026-09-10 19:34:20,886 | INFO | [0039] HTTP_412 | HTTP=412
2026-09-10 19:34:21,287 | INFO | [0040] HTTP_412 | HTTP=412
2026-09-10 19:34:21,689 | INFO | [0041] HTTP_412 | HTTP=412
2026-09-10 19:34:22,093 | INFO | [0042] HTTP_412 | HTTP=412
2026-09-10 19:34:23,515 | INFO | [0043] FOUND | M3U8_MASTER | название не указано | RES=426x240, 1024x576, 640x360 | BW=446000, 796000, 2096000
2026-09-10 19:34:24,938 | INFO | [0044] FOUND | M3U8_MASTER | название не указано | RES=426x240, 1024x576, 640x360 | BW=446000, 796000, 2096000
2026-09-10 19:34:26,357 | INFO | [0045] FOUND | M3U8_MASTER | название не указано | RES=426x240, 1024x576, 640x360 | BW=446000, 796000, 2096000
2026-09-10 19:34:27,013 | INFO | [0046] FOUND | M3U8_MASTER | название не указано | RES=426x240, 1024x576, 640x360 | BW=446000, 796000, 2096000
2026-09-10 19:34:27,413 | INFO | [0047] HTTP_412 | HTTP=412
2026-09-10 19:34:27,813 | INFO | [0048] HTTP_412 | HTTP=412
2026-09-10 19:34:28,218 | INFO | [0049] HTTP_412 | HTTP=412
2026-09-10 19:34:28,625 | INFO | [0050] HTTP_412 | HTTP=412
2026-09-10 19:34:29,026 | INFO | [0051] HTTP_412 | HTTP=412
2026-09-10 19:34:29,427 | INFO | [0052] HTTP_412 | HTTP=412
2026-09-10 19:34:29,833 | INFO | [0053] HTTP_412 | HTTP=412
2026-09-10 19:34:30,232 | INFO | [0054] HTTP_412 | HTTP=412
2026-09-10 19:34:30,633 | INFO | [0055] HTTP_412 | HTTP=412
2026-09-10 19:34:31,033 | INFO | [0056] HTTP_412 | HTTP=412
2026-09-10 19:34:31,437 | INFO | [0057] HTTP_412 | HTTP=412
2026-09-10 19:34:31,841 | INFO | [0058] HTTP_412 | HTTP=412
2026-09-10 19:34:32,245 | INFO | [0059] HTTP_412 | HTTP=412
2026-09-10 19:34:32,646 | INFO | [0060] HTTP_412 | HTTP=412
2026-09-10 19:34:33,050 | INFO | [0061] HTTP_412 | HTTP=412
2026-09-10 19:34:33,451 | INFO | [0062] HTTP_412 | HTTP=412
2026-09-10 19:34:33,853 | INFO | [0063] HTTP_412 | HTTP=412
2026-09-10 19:34:34,255 | INFO | [0064] HTTP_412 | HTTP=412
2026-09-10 19:34:34,657 | INFO | [0065] HTTP_412 | HTTP=412
2026-09-10 19:34:35,061 | INFO | [0066] HTTP_412 | HTTP=412
2026-09-10 19:34:35,464 | INFO | [0067] HTTP_412 | HTTP=412
2026-09-10 19:34:35,913 | INFO | [0068] HTTP_412 | HTTP=412
2026-09-10 19:34:36,601 | INFO | [0069] HTTP_412 | HTTP=412
2026-09-10 19:34:37,004 | INFO | [0070] HTTP_412 | HTTP=412
2026-09-10 19:34:37,406 | INFO | [0071] HTTP_412 | HTTP=412
2026-09-10 19:34:37,815 | INFO | [0072] HTTP_412 | HTTP=412
2026-09-10 19:34:38,216 | INFO | [0073] HTTP_412 | HTTP=412
2026-09-10 19:34:38,614 | INFO | [0074] HTTP_412 | HTTP=412
2026-09-10 19:34:39,016 | INFO | [0075] HTTP_412 | HTTP=412
2026-09-10 19:34:39,421 | INFO | [0076] HTTP_412 | HTTP=412
2026-09-10 19:34:39,820 | INFO | [0077] HTTP_412 | HTTP=412
2026-09-10 19:34:40,219 | INFO | [0078] HTTP_412 | HTTP=412
2026-09-10 19:34:40,621 | INFO | [0079] HTTP_412 | HTTP=412
2026-09-10 19:34:41,021 | INFO | [0080] HTTP_412 | HTTP=412
2026-09-10 19:34:41,425 | INFO | [0081] HTTP_412 | HTTP=412
2026-09-10 19:34:41,823 | INFO | [0082] HTTP_412 | HTTP=412
2026-09-10 19:34:42,223 | INFO | [0083] HTTP_412 | HTTP=412
2026-09-10 19:34:42,624 | INFO | [0084] HTTP_412 | HTTP=412
2026-09-10 19:34:43,026 | INFO | [0085] HTTP_412 | HTTP=412
2026-09-10 19:34:43,425 | INFO | [0086] HTTP_412 | HTTP=412
2026-09-10 19:34:43,825 | INFO | [0087] HTTP_412 | HTTP=412
2026-09-10 19:34:44,227 | INFO | [0088] HTTP_412 | HTTP=412
2026-09-10 19:34:44,627 | INFO | [0089] HTTP_412 | HTTP=412
2026-09-10 19:34:45,035 | INFO | [0090] HTTP_412 | HTTP=412
2026-09-10 19:34:45,442 | INFO | [0091] HTTP_412 | HTTP=412
2026-09-10 19:34:45,841 | INFO | [0092] HTTP_412 | HTTP=412
2026-09-10 19:34:46,241 | INFO | [0093] HTTP_412 | HTTP=412
2026-09-10 19:34:46,642 | INFO | [0094] HTTP_412 | HTTP=412
2026-09-10 19:34:47,044 | INFO | [0095] HTTP_412 | HTTP=412
2026-09-10 19:34:47,446 | INFO | [0096] HTTP_412 | HTTP=412
2026-09-10 19:34:47,849 | INFO | [0097] HTTP_412 | HTTP=412
2026-09-10 19:34:48,253 | INFO | [0098] HTTP_412 | HTTP=412
2026-09-10 19:34:48,654 | INFO | [0099] HTTP_412 | HTTP=412
2026-09-10 19:34:49,059 | INFO | [0100] HTTP_412 | HTTP=412
2026-09-10 19:34:49,460 | INFO | [0101] HTTP_412 | HTTP=412
2026-09-10 19:34:49,861 | INFO | [0102] HTTP_412 | HTTP=412
2026-09-10 19:34:50,262 | INFO | [0103] HTTP_412 | HTTP=412
2026-09-10 19:34:50,664 | INFO | [0104] HTTP_412 | HTTP=412
2026-09-10 19:34:51,064 | INFO | [0105] HTTP_412 | HTTP=412
2026-09-10 19:34:51,465 | INFO | [0106] HTTP_412 | HTTP=412
2026-09-10 19:34:51,870 | INFO | [0107] HTTP_412 | HTTP=412
2026-09-10 19:34:52,269 | INFO | [0108] HTTP_412 | HTTP=412
2026-09-10 19:34:52,672 | INFO | [0109] HTTP_412 | HTTP=412
2026-09-10 19:34:53,074 | INFO | [0110] HTTP_412 | HTTP=412
2026-09-10 19:34:53,478 | INFO | [0111] HTTP_412 | HTTP=412
2026-09-10 19:34:53,881 | INFO | [0112] HTTP_412 | HTTP=412
2026-09-10 19:34:54,283 | INFO | [0113] HTTP_412 | HTTP=412
2026-09-10 19:34:54,684 | INFO | [0114] HTTP_412 | HTTP=412
2026-09-10 19:34:55,087 | INFO | [0115] HTTP_412 | HTTP=412
2026-09-10 19:34:55,488 | INFO | [0116] HTTP_412 | HTTP=412
2026-09-10 19:34:55,893 | INFO | [0117] HTTP_412 | HTTP=412
2026-09-10 19:34:56,391 | INFO | [0118] HTTP_412 | HTTP=412
2026-09-10 19:34:56,788 | INFO | [0119] HTTP_412 | HTTP=412
2026-09-10 19:34:57,191 | INFO | [0120] HTTP_412 | HTTP=412
2026-09-10 19:34:57,592 | INFO | [0121] HTTP_412 | HTTP=412
2026-09-10 19:34:57,993 | INFO | [0122] HTTP_412 | HTTP=412
2026-09-10 19:34:58,392 | INFO | [0123] HTTP_412 | HTTP=412
2026-09-10 19:34:58,791 | INFO | [0124] HTTP_412 | HTTP=412
2026-09-10 19:34:59,212 | INFO | [0125] HTTP_412 | HTTP=412
2026-09-10 19:34:59,612 | INFO | [0126] HTTP_412 | HTTP=412
2026-09-10 19:35:00,018 | INFO | [0127] HTTP_412 | HTTP=412
2026-09-10 19:35:00,418 | INFO | [0128] HTTP_412 | HTTP=412
2026-09-10 19:35:00,818 | INFO | [0129] HTTP_412 | HTTP=412
2026-09-10 19:35:01,221 | INFO | [0130] HTTP_412 | HTTP=412
2026-09-10 19:35:01,622 | INFO | [0131] HTTP_412 | HTTP=412
2026-09-10 19:35:02,023 | INFO | [0132] HTTP_412 | HTTP=412
2026-09-10 19:35:02,425 | INFO | [0133] HTTP_412 | HTTP=412
2026-09-10 19:35:02,829 | INFO | [0134] HTTP_412 | HTTP=412
2026-09-10 19:35:03,232 | INFO | [0135] HTTP_412 | HTTP=412
2026-09-10 19:35:03,631 | INFO | [0136] HTTP_412 | HTTP=412
2026-09-10 19:35:04,031 | INFO | [0137] HTTP_412 | HTTP=412
2026-09-10 19:35:04,431 | INFO | [0138] HTTP_412 | HTTP=412
2026-09-10 19:35:04,829 | INFO | [0139] HTTP_412 | HTTP=412
2026-09-10 19:35:05,231 | INFO | [0140] HTTP_412 | HTTP=412
2026-09-10 19:35:05,631 | INFO | [0141] HTTP_412 | HTTP=412
2026-09-10 19:35:06,034 | INFO | [0142] HTTP_412 | HTTP=412
2026-09-10 19:35:06,434 | INFO | [0143] HTTP_412 | HTTP=412
2026-09-10 19:35:06,833 | INFO | [0144] HTTP_412 | HTTP=412
2026-09-10 19:35:07,232 | INFO | [0145] HTTP_412 | HTTP=412
2026-09-10 19:35:07,630 | INFO | [0146] HTTP_412 | HTTP=412
2026-09-10 19:35:08,030 | INFO | [0147] HTTP_412 | HTTP=412
2026-09-10 19:35:08,431 | INFO | [0148] HTTP_412 | HTTP=412
2026-09-10 19:35:08,834 | INFO | [0149] HTTP_412 | HTTP=412
2026-09-10 19:35:09,233 | INFO | [0150] HTTP_412 | HTTP=412
2026-09-10 19:35:09,633 | INFO | [0151] HTTP_412 | HTTP=412
2026-09-10 19:35:10,032 | INFO | [0152] HTTP_412 | HTTP=412
2026-09-10 19:35:10,433 | INFO | [0153] HTTP_412 | HTTP=412
2026-09-10 19:35:10,835 | INFO | [0154] HTTP_412 | HTTP=412
2026-09-10 19:35:11,238 | INFO | [0155] HTTP_412 | HTTP=412
2026-09-10 19:35:11,638 | INFO | [0156] HTTP_412 | HTTP=412
2026-09-10 19:35:12,040 | INFO | [0157] HTTP_412 | HTTP=412
2026-09-10 19:35:12,442 | INFO | [0158] HTTP_412 | HTTP=412
2026-09-10 19:35:12,844 | INFO | [0159] HTTP_412 | HTTP=412
2026-09-10 19:35:13,291 | INFO | [0160] HTTP_412 | HTTP=412
2026-09-10 19:35:13,691 | INFO | [0161] HTTP_412 | HTTP=412
2026-09-10 19:35:14,092 | INFO | [0162] HTTP_412 | HTTP=412
2026-09-10 19:35:14,492 | INFO | [0163] HTTP_412 | HTTP=412
2026-09-10 19:35:14,890 | INFO | [0164] HTTP_412 | HTTP=412
2026-09-10 19:35:15,288 | INFO | [0165] HTTP_412 | HTTP=412
2026-09-10 19:35:15,692 | INFO | [0166] HTTP_412 | HTTP=412
2026-09-10 19:35:16,095 | INFO | [0167] HTTP_412 | HTTP=412
2026-09-10 19:35:16,498 | INFO | [0168] HTTP_412 | HTTP=412
2026-09-10 19:35:16,906 | INFO | [0169] HTTP_412 | HTTP=412
2026-09-10 19:35:17,305 | INFO | [0170] HTTP_412 | HTTP=412
2026-09-10 19:35:17,704 | INFO | [0171] HTTP_412 | HTTP=412
2026-09-10 19:35:18,104 | INFO | [0172] HTTP_412 | HTTP=412
2026-09-10 19:35:18,505 | INFO | [0173] HTTP_412 | HTTP=412
2026-09-10 19:35:18,905 | INFO | [0174] HTTP_412 | HTTP=412
2026-09-10 19:35:19,312 | INFO | [0175] HTTP_412 | HTTP=412
2026-09-10 19:35:19,713 | INFO | [0176] HTTP_412 | HTTP=412
2026-09-10 19:35:20,115 | INFO | [0177] HTTP_412 | HTTP=412
2026-09-10 19:35:20,516 | INFO | [0178] HTTP_412 | HTTP=412
2026-09-10 19:35:20,918 | INFO | [0179] HTTP_412 | HTTP=412
2026-09-10 19:35:21,317 | INFO | [0180] HTTP_412 | HTTP=412
2026-09-10 19:35:21,716 | INFO | [0181] HTTP_412 | HTTP=412
2026-09-10 19:35:22,117 | INFO | [0182] HTTP_412 | HTTP=412
2026-09-10 19:35:22,516 | INFO | [0183] HTTP_412 | HTTP=412
2026-09-10 19:35:22,917 | INFO | [0184] HTTP_412 | HTTP=412
2026-09-10 19:35:23,315 | INFO | [0185] HTTP_412 | HTTP=412
2026-09-10 19:35:23,719 | INFO | [0186] HTTP_412 | HTTP=412
2026-09-10 19:35:24,122 | INFO | [0187] HTTP_412 | HTTP=412
2026-09-10 19:35:24,522 | INFO | [0188] HTTP_412 | HTTP=412
2026-09-10 19:35:24,924 | INFO | [0189] HTTP_412 | HTTP=412
2026-09-10 19:35:25,325 | INFO | [0190] HTTP_412 | HTTP=412
2026-09-10 19:35:25,726 | INFO | [0191] HTTP_412 | HTTP=412
2026-09-10 19:35:26,134 | INFO | [0192] HTTP_412 | HTTP=412
2026-09-10 19:35:26,532 | INFO | [0193] HTTP_412 | HTTP=412
2026-09-10 19:35:26,936 | INFO | [0194] HTTP_412 | HTTP=412
2026-09-10 19:35:27,336 | INFO | [0195] HTTP_412 | HTTP=412
2026-09-10 19:35:27,737 | INFO | [0196] HTTP_412 | HTTP=412
2026-09-10 19:35:28,137 | INFO | [0197] HTTP_412 | HTTP=412
2026-09-10 19:35:28,539 | INFO | [0198] HTTP_412 | HTTP=412
2026-09-10 19:35:28,944 | INFO | [0199] HTTP_412 | HTTP=412
2026-09-10 19:35:29,345 | INFO | [0200] HTTP_412 | HTTP=412
2026-09-10 19:35:29,745 | INFO | [0201] HTTP_412 | HTTP=412
2026-09-10 19:35:30,147 | INFO | [0202] HTTP_412 | HTTP=412
2026-09-10 19:35:30,547 | INFO | [0203] HTTP_412 | HTTP=412
2026-09-10 19:35:30,949 | INFO | [0204] HTTP_412 | HTTP=412
2026-09-10 19:35:31,347 | INFO | [0205] HTTP_412 | HTTP=412
2026-09-10 19:35:31,749 | INFO | [0206] HTTP_412 | HTTP=412
2026-09-10 19:35:32,151 | INFO | [0207] HTTP_412 | HTTP=412
2026-09-10 19:35:32,550 | INFO | [0208] HTTP_412 | HTTP=412
2026-09-10 19:35:32,951 | INFO | [0209] HTTP_412 | HTTP=412
2026-09-10 19:35:34,621 | INFO | [0210] FOUND | M3U8_MASTER | название не указано | RES=426x240, 1024x576, 640x360 | BW=446000, 796000, 2096000
2026-09-10 19:35:35,281 | INFO | [0211] FOUND | M3U8_MASTER | название не указано | RES=426x240, 1024x576, 640x360 | BW=446000, 796000, 2096000
2026-09-10 19:35:35,683 | INFO | [0212] HTTP_412 | HTTP=412
2026-09-10 19:35:38,475 | INFO | [0213] FOUND | M3U8_MASTER | название не указано | RES=426x240, 1024x576, 640x360 | BW=446000, 796000, 2096000
2026-09-10 19:35:38,878 | INFO | [0214] HTTP_412 | HTTP=412
2026-09-10 19:35:39,289 | INFO | [0215] HTTP_412 | HTTP=412
2026-09-10 19:35:39,696 | INFO | [0216] HTTP_412 | HTTP=412
2026-09-10 19:35:40,102 | INFO | [0217] HTTP_412 | HTTP=412
2026-09-10 19:35:40,504 | INFO | [0218] HTTP_412 | HTTP=412
2026-09-10 19:35:40,911 | INFO | [0219] HTTP_412 | HTTP=412
2026-09-10 19:35:41,315 | INFO | [0220] HTTP_412 | HTTP=412
2026-09-10 19:35:41,717 | INFO | [0221] HTTP_412 | HTTP=412
2026-09-10 19:35:42,123 | INFO | [0222] HTTP_412 | HTTP=412
2026-09-10 19:35:42,523 | INFO | [0223] HTTP_412 | HTTP=412
2026-09-10 19:35:42,926 | INFO | [0224] HTTP_412 | HTTP=412
2026-09-10 19:35:43,332 | INFO | [0225] HTTP_412 | HTTP=412
2026-09-10 19:35:43,732 | INFO | [0226] HTTP_412 | HTTP=412
2026-09-10 19:35:44,132 | INFO | [0227] HTTP_412 | HTTP=412
2026-09-10 19:35:44,545 | INFO | [0228] HTTP_412 | HTTP=412
2026-09-10 19:35:44,973 | INFO | [0229] HTTP_412 | HTTP=412
2026-09-10 19:35:45,375 | INFO | [0230] HTTP_412 | HTTP=412
2026-09-10 19:35:45,778 | INFO | [0231] HTTP_412 | HTTP=412
2026-09-10 19:35:46,515 | INFO | [0232] FOUND | M3U8_MASTER | название не указано | RES=426x240, 1024x576, 640x360 | BW=446000, 796000, 2096000
2026-09-10 19:35:46,917 | INFO | [0233] HTTP_412 | HTTP=412
2026-09-10 19:35:47,324 | INFO | [0234] HTTP_412 | HTTP=412
2026-09-10 19:35:47,725 | INFO | [0235] HTTP_412 | HTTP=412
2026-09-10 19:35:48,126 | INFO | [0236] HTTP_412 | HTTP=412
2026-09-10 19:35:48,530 | INFO | [0237] HTTP_412 | HTTP=412
2026-09-10 19:35:48,931 | INFO | [0238] HTTP_412 | HTTP=412
2026-09-10 19:35:49,331 | INFO | [0239] HTTP_412 | HTTP=412
2026-09-10 19:35:49,739 | INFO | [0240] HTTP_412 | HTTP=412
2026-09-10 19:35:50,140 | INFO | [0241] HTTP_412 | HTTP=412
2026-09-10 19:35:50,542 | INFO | [0242] HTTP_412 | HTTP=412
2026-09-10 19:35:50,945 | INFO | [0243] HTTP_412 | HTTP=412
2026-09-10 19:35:51,346 | INFO | [0244] HTTP_412 | HTTP=412
2026-09-10 19:35:51,746 | INFO | [0245] HTTP_412 | HTTP=412
2026-09-10 19:35:52,151 | INFO | [0246] HTTP_412 | HTTP=412
2026-09-10 19:35:52,551 | INFO | [0247] HTTP_412 | HTTP=412
2026-09-10 19:35:52,956 | INFO | [0248] HTTP_412 | HTTP=412
2026-09-10 19:35:53,360 | INFO | [0249] HTTP_412 | HTTP=412
2026-09-10 19:35:54,014 | INFO | [0250] FOUND | M3U8_MASTER | название не указано | RES=426x240, 1920x1080, 1280x720, 852x480, 640x360 | BW=446000, 796000, 1296000, 4596000, 8096000
2026-09-10 19:35:54,416 | INFO | [0251] HTTP_412 | HTTP=412
2026-09-10 19:35:54,822 | INFO | [0252] HTTP_412 | HTTP=412
2026-09-10 19:35:55,226 | INFO | [0253] HTTP_412 | HTTP=412
2026-09-10 19:35:55,625 | INFO | [0254] HTTP_412 | HTTP=412
2026-09-10 19:35:56,026 | INFO | [0255] HTTP_412 | HTTP=412
2026-09-10 19:35:56,430 | INFO | [0256] HTTP_412 | HTTP=412
2026-09-10 19:35:56,834 | INFO | [0257] HTTP_412 | HTTP=412
2026-09-10 19:35:57,238 | INFO | [0258] HTTP_412 | HTTP=412
2026-09-10 19:35:57,638 | INFO | [0259] HTTP_412 | HTTP=412
2026-09-10 19:35:58,043 | INFO | [0260] HTTP_412 | HTTP=412
2026-09-10 19:35:58,443 | INFO | [0261] HTTP_412 | HTTP=412
2026-09-10 19:35:58,842 | INFO | [0262] HTTP_412 | HTTP=412
2026-09-10 19:35:59,243 | INFO | [0263] HTTP_412 | HTTP=412
2026-09-10 19:35:59,644 | INFO | [0264] HTTP_412 | HTTP=412
2026-09-10 19:36:00,044 | INFO | [0265] HTTP_412 | HTTP=412
2026-09-10 19:36:00,447 | INFO | [0266] HTTP_412 | HTTP=412
2026-09-10 19:36:00,847 | INFO | [0267] HTTP_412 | HTTP=412
2026-09-10 19:36:01,248 | INFO | [0268] HTTP_412 | HTTP=412
2026-09-10 19:36:01,651 | INFO | [0269] HTTP_412 | HTTP=412
2026-09-10 19:36:02,051 | INFO | [0270] HTTP_412 | HTTP=412
2026-09-10 19:36:02,452 | INFO | [0271] HTTP_412 | HTTP=412
2026-09-10 19:36:02,854 | INFO | [0272] HTTP_412 | HTTP=412
2026-09-10 19:36:03,585 | INFO | [0273] HTTP_412 | HTTP=412
2026-09-10 19:36:03,984 | INFO | [0274] HTTP_412 | HTTP=412
2026-09-10 19:36:04,385 | INFO | [0275] HTTP_412 | HTTP=412
2026-09-10 19:36:04,784 | INFO | [0276] HTTP_412 | HTTP=412
2026-09-10 19:36:05,190 | INFO | [0277] HTTP_412 | HTTP=412
2026-09-10 19:36:05,594 | INFO | [0278] HTTP_412 | HTTP=412
2026-09-10 19:36:05,995 | INFO | [0279] HTTP_412 | HTTP=412
2026-09-10 19:36:06,399 | INFO | [0280] HTTP_412 | HTTP=412
2026-09-10 19:36:06,801 | INFO | [0281] HTTP_412 | HTTP=412
2026-09-10 19:36:07,207 | INFO | [0282] HTTP_412 | HTTP=412
2026-09-10 19:36:07,610 | INFO | [0283] HTTP_412 | HTTP=412
2026-09-10 19:36:08,016 | INFO | [0284] HTTP_412 | HTTP=412
2026-09-10 19:36:08,418 | INFO | [0285] HTTP_412 | HTTP=412
2026-09-10 19:36:08,827 | INFO | [0286] HTTP_412 | HTTP=412
2026-09-10 19:36:09,227 | INFO | [0287] HTTP_412 | HTTP=412
2026-09-10 19:36:09,628 | INFO | [0288] HTTP_412 | HTTP=412
2026-09-10 19:36:10,029 | INFO | [0289] HTTP_412 | HTTP=412
2026-09-10 19:36:10,430 | INFO | [0290] HTTP_412 | HTTP=412
2026-09-10 19:36:10,833 | INFO | [0291] HTTP_412 | HTTP=412
2026-09-10 19:36:11,235 | INFO | [0292] HTTP_412 | HTTP=412
2026-09-10 19:36:11,639 | INFO | [0293] HTTP_412 | HTTP=412
2026-09-10 19:36:12,041 | INFO | [0294] HTTP_412 | HTTP=412
2026-09-10 19:36:12,440 | INFO | [0295] HTTP_412 | HTTP=412
2026-09-10 19:36:13,857 | INFO | [0296] FOUND | M3U8_MASTER | название не указано | RES=426x240, 1024x576, 640x360 | BW=446000, 796000, 2096000
2026-09-10 19:36:14,258 | INFO | [0297] HTTP_412 | HTTP=412
2026-09-10 19:36:14,660 | INFO | [0298] HTTP_412 | HTTP=412
2026-09-10 19:36:15,059 | INFO | [0299] HTTP_412 | HTTP=412
2026-09-10 19:36:15,459 | INFO | [0300] HTTP_412 | HTTP=412
2026-09-10 19:36:15,859 | INFO | [0301] HTTP_412 | HTTP=412
2026-09-10 19:36:16,263 | INFO | [0302] HTTP_412 | HTTP=412
2026-09-10 19:36:17,740 | INFO | [0303] HTTP_412 | HTTP=412
2026-09-10 19:36:18,139 | INFO | [0304] HTTP_412 | HTTP=412
2026-09-10 19:36:18,541 | INFO | [0305] HTTP_412 | HTTP=412
2026-09-10 19:36:18,943 | INFO | [0306] HTTP_412 | HTTP=412
2026-09-10 19:36:19,346 | INFO | [0307] HTTP_412 | HTTP=412
2026-09-10 19:36:19,746 | INFO | [0308] HTTP_412 | HTTP=412
2026-09-10 19:36:20,147 | INFO | [0309] HTTP_412 | HTTP=412
2026-09-10 19:36:20,547 | INFO | [0310] HTTP_412 | HTTP=412
2026-09-10 19:36:20,945 | INFO | [0311] HTTP_412 | HTTP=412
2026-09-10 19:36:21,348 | INFO | [0312] HTTP_412 | HTTP=412
2026-09-10 19:36:21,748 | INFO | [0313] HTTP_412 | HTTP=412
2026-09-10 19:36:22,150 | INFO | [0314] HTTP_412 | HTTP=412
2026-09-10 19:36:22,548 | INFO | [0315] HTTP_412 | HTTP=412
2026-09-10 19:36:22,950 | INFO | [0316] HTTP_412 | HTTP=412
2026-09-10 19:36:23,348 | INFO | [0317] HTTP_412 | HTTP=412
2026-09-10 19:36:23,753 | INFO | [0318] HTTP_412 | HTTP=412
2026-09-10 19:36:24,173 | INFO | [0319] HTTP_412 | HTTP=412
2026-09-10 19:36:24,579 | INFO | [0320] HTTP_412 | HTTP=412
2026-09-10 19:36:24,977 | INFO | [0321] HTTP_412 | HTTP=412
2026-09-10 19:36:25,380 | INFO | [0322] HTTP_412 | HTTP=412
2026-09-10 19:36:25,780 | INFO | [0323] HTTP_412 | HTTP=412
2026-09-10 19:36:26,183 | INFO | [0324] HTTP_412 | HTTP=412
2026-09-10 19:36:26,594 | INFO | [0325] HTTP_412 | HTTP=412
2026-09-10 19:36:27,001 | INFO | [0326] HTTP_412 | HTTP=412
2026-09-10 19:36:27,404 | INFO | [0327] HTTP_412 | HTTP=412
2026-09-10 19:36:27,806 | INFO | [0328] HTTP_412 | HTTP=412
2026-09-10 19:36:28,210 | INFO | [0329] HTTP_412 | HTTP=412
2026-09-10 19:36:28,609 | INFO | [0330] HTTP_412 | HTTP=412
2026-09-10 19:36:29,011 | INFO | [0331] HTTP_412 | HTTP=412
2026-09-10 19:36:29,414 | INFO | [0332] HTTP_412 | HTTP=412
2026-09-10 19:36:29,815 | INFO | [0333] HTTP_412 | HTTP=412
2026-09-10 19:36:30,214 | INFO | [0334] HTTP_412 | HTTP=412
2026-09-10 19:36:30,615 | INFO | [0335] HTTP_412 | HTTP=412
2026-09-10 19:36:31,017 | INFO | [0336] HTTP_412 | HTTP=412
2026-09-10 19:36:31,418 | INFO | [0337] HTTP_412 | HTTP=412
2026-09-10 19:36:31,818 | INFO | [0338] HTTP_412 | HTTP=412
2026-09-10 19:36:32,219 | INFO | [0339] HTTP_412 | HTTP=412
2026-09-10 19:36:32,622 | INFO | [0340] HTTP_412 | HTTP=412
2026-09-10 19:36:33,028 | INFO | [0341] HTTP_412 | HTTP=412
2026-09-10 19:36:33,428 | INFO | [0342] HTTP_412 | HTTP=412
2026-09-10 19:36:33,830 | INFO | [0343] HTTP_412 | HTTP=412
2026-09-10 19:36:34,230 | INFO | [0344] HTTP_412 | HTTP=412
2026-09-10 19:36:34,631 | INFO | [0345] HTTP_412 | HTTP=412
2026-09-10 19:36:35,033 | INFO | [0346] HTTP_412 | HTTP=412
2026-09-10 19:36:35,435 | INFO | [0347] HTTP_412 | HTTP=412
2026-09-10 19:36:35,836 | INFO | [0348] HTTP_412 | HTTP=412
2026-09-10 19:36:36,241 | INFO | [0349] HTTP_412 | HTTP=412
2026-09-10 19:36:36,644 | INFO | [0350] HTTP_412 | HTTP=412
2026-09-10 19:36:37,045 | INFO | [0351] HTTP_412 | HTTP=412
2026-09-10 19:36:37,457 | INFO | [0352] HTTP_412 | HTTP=412
2026-09-10 19:36:37,860 | INFO | [0353] HTTP_412 | HTTP=412
2026-09-10 19:36:38,260 | INFO | [0354] HTTP_412 | HTTP=412
2026-09-10 19:36:38,664 | INFO | [0355] HTTP_412 | HTTP=412
2026-09-10 19:36:39,065 | INFO | [0356] HTTP_412 | HTTP=412
2026-09-10 19:36:39,464 | INFO | [0357] HTTP_412 | HTTP=412
2026-09-10 19:36:39,864 | INFO | [0358] HTTP_412 | HTTP=412
2026-09-10 19:36:40,264 | INFO | [0359] HTTP_412 | HTTP=412
2026-09-10 19:36:40,664 | INFO | [0360] HTTP_412 | HTTP=412
2026-09-10 19:36:41,068 | INFO | [0361] HTTP_412 | HTTP=412
2026-09-10 19:36:41,473 | INFO | [0362] HTTP_412 | HTTP=412
2026-09-10 19:36:41,876 | INFO | [0363] HTTP_412 | HTTP=412
2026-09-10 19:36:42,276 | INFO | [0364] HTTP_412 | HTTP=412
2026-09-10 19:36:42,851 | INFO | [0365] HTTP_412 | HTTP=412
2026-09-10 19:36:43,254 | INFO | [0366] HTTP_412 | HTTP=412
2026-09-10 19:36:43,654 | INFO | [0367] HTTP_412 | HTTP=412
2026-09-10 19:36:44,055 | INFO | [0368] HTTP_412 | HTTP=412
2026-09-10 19:36:44,459 | INFO | [0369] HTTP_412 | HTTP=412
2026-09-10 19:36:44,859 | INFO | [0370] HTTP_412 | HTTP=412
2026-09-10 19:36:45,261 | INFO | [0371] HTTP_412 | HTTP=412
2026-09-10 19:36:45,663 | INFO | [0372] HTTP_412 | HTTP=412
2026-09-10 19:36:46,066 | INFO | [0373] HTTP_412 | HTTP=412
2026-09-10 19:36:46,468 | INFO | [0374] HTTP_412 | HTTP=412
2026-09-10 19:36:46,867 | INFO | [0375] HTTP_412 | HTTP=412
2026-09-10 19:36:47,268 | INFO | [0376] HTTP_412 | HTTP=412
2026-09-10 19:36:47,667 | INFO | [0377] HTTP_412 | HTTP=412
2026-09-10 19:36:48,066 | INFO | [0378] HTTP_412 | HTTP=412
2026-09-10 19:36:48,468 | INFO | [0379] HTTP_412 | HTTP=412
2026-09-10 19:36:48,880 | INFO | [0380] HTTP_412 | HTTP=412
2026-09-10 19:36:49,279 | INFO | [0381] HTTP_412 | HTTP=412
2026-09-10 19:36:49,680 | INFO | [0382] HTTP_412 | HTTP=412
2026-09-10 19:36:50,084 | INFO | [0383] HTTP_412 | HTTP=412
2026-09-10 19:36:50,486 | INFO | [0384] HTTP_412 | HTTP=412
2026-09-10 19:36:50,890 | INFO | [0385] HTTP_412 | HTTP=412
2026-09-10 19:36:51,292 | INFO | [0386] HTTP_412 | HTTP=412
2026-09-10 19:36:51,695 | INFO | [0387] HTTP_412 | HTTP=412
2026-09-10 19:36:52,094 | INFO | [0388] HTTP_412 | HTTP=412
2026-09-10 19:36:52,494 | INFO | [0389] HTTP_412 | HTTP=412
2026-09-10 19:36:52,896 | INFO | [0390] HTTP_412 | HTTP=412
2026-09-10 19:36:53,294 | INFO | [0391] HTTP_412 | HTTP=412
2026-09-10 19:36:53,693 | INFO | [0392] HTTP_412 | HTTP=412
2026-09-10 19:36:54,092 | INFO | [0393] HTTP_412 | HTTP=412
2026-09-10 19:36:54,492 | INFO | [0394] HTTP_412 | HTTP=412
2026-09-10 19:36:54,891 | INFO | [0395] HTTP_412 | HTTP=412
2026-09-10 19:36:55,294 | INFO | [0396] HTTP_412 | HTTP=412
2026-09-10 19:36:55,697 | INFO | [0397] HTTP_412 | HTTP=412
2026-09-10 19:36:56,097 | INFO | [0398] HTTP_412 | HTTP=412
2026-09-10 19:36:57,964 | INFO | [0399] HTTP_412 | HTTP=412
2026-09-10 19:36:59,382 | INFO | [0400] HTTP_404 | HTTP=404
2026-09-10 19:37:00,866 | INFO | [0401] HTTP_404 | HTTP=404
2026-09-10 19:37:02,280 | INFO | [0402] HTTP_404 | HTTP=404
2026-09-10 19:37:03,692 | INFO | [0403] HTTP_404 | HTTP=404
2026-09-10 19:37:05,108 | INFO | [0404] HTTP_404 | HTTP=404
2026-09-10 19:37:06,524 | INFO | [0405] HTTP_404 | HTTP=404
2026-09-10 19:37:07,204 | INFO | [0406] HTTP_404 | HTTP=404
2026-09-10 19:37:08,620 | INFO | [0407] HTTP_404 | HTTP=404
2026-09-10 19:37:10,035 | INFO | [0408] HTTP_404 | HTTP=404
2026-09-10 19:37:11,450 | INFO | [0409] HTTP_404 | HTTP=404
2026-09-10 19:37:12,867 | INFO | [0410] HTTP_404 | HTTP=404
2026-09-10 19:37:13,405 | INFO | [0411] HTTP_404 | HTTP=404
2026-09-10 19:37:13,804 | INFO | [0412] HTTP_412 | HTTP=412
2026-09-10 19:37:14,203 | INFO | [0413] HTTP_412 | HTTP=412
2026-09-10 19:37:14,603 | INFO | [0414] HTTP_412 | HTTP=412
2026-09-10 19:37:15,001 | INFO | [0415] HTTP_412 | HTTP=412
2026-09-10 19:37:15,403 | INFO | [0416] HTTP_412 | HTTP=412
2026-09-10 19:37:15,803 | INFO | [0417] HTTP_412 | HTTP=412
2026-09-10 19:37:16,205 | INFO | [0418] HTTP_412 | HTTP=412
2026-09-10 19:37:16,603 | INFO | [0419] HTTP_412 | HTTP=412
2026-09-10 19:37:17,004 | INFO | [0420] HTTP_412 | HTTP=412
2026-09-10 19:37:17,404 | INFO | [0421] HTTP_412 | HTTP=412
2026-09-10 19:37:17,802 | INFO | [0422] HTTP_412 | HTTP=412
2026-09-10 19:37:18,206 | INFO | [0423] HTTP_412 | HTTP=412
2026-09-10 19:37:18,606 | INFO | [0424] HTTP_412 | HTTP=412
2026-09-10 19:37:19,007 | INFO | [0425] HTTP_412 | HTTP=412
2026-09-10 19:37:19,414 | INFO | [0426] HTTP_412 | HTTP=412
2026-09-10 19:37:19,815 | INFO | [0427] HTTP_412 | HTTP=412
2026-09-10 19:37:20,218 | INFO | [0428] HTTP_412 | HTTP=412
2026-09-10 19:37:20,621 | INFO | [0429] HTTP_412 | HTTP=412
2026-09-10 19:37:21,020 | INFO | [0430] HTTP_412 | HTTP=412
2026-09-10 19:37:21,421 | INFO | [0431] HTTP_412 | HTTP=412
2026-09-10 19:37:21,821 | INFO | [0432] HTTP_412 | HTTP=412
2026-09-10 19:37:22,223 | INFO | [0433] HTTP_412 | HTTP=412
2026-09-10 19:37:22,968 | INFO | [0434] HTTP_412 | HTTP=412
2026-09-10 19:37:23,370 | INFO | [0435] HTTP_412 | HTTP=412
2026-09-10 19:37:23,769 | INFO | [0436] HTTP_412 | HTTP=412
2026-09-10 19:37:24,181 | INFO | [0437] HTTP_412 | HTTP=412
2026-09-10 19:37:24,581 | INFO | [0438] HTTP_412 | HTTP=412
2026-09-10 19:37:24,984 | INFO | [0439] HTTP_412 | HTTP=412
2026-09-10 19:37:25,393 | INFO | [0440] HTTP_412 | HTTP=412
2026-09-10 19:37:25,794 | INFO | [0441] HTTP_412 | HTTP=412
2026-09-10 19:37:26,193 | INFO | [0442] HTTP_412 | HTTP=412
2026-09-10 19:37:26,594 | INFO | [0443] HTTP_412 | HTTP=412
2026-09-10 19:37:26,995 | INFO | [0444] HTTP_412 | HTTP=412
2026-09-10 19:37:27,396 | INFO | [0445] HTTP_412 | HTTP=412
2026-09-10 19:37:27,796 | INFO | [0446] HTTP_412 | HTTP=412
2026-09-10 19:37:28,195 | INFO | [0447] HTTP_412 | HTTP=412
2026-09-10 19:37:28,593 | INFO | [0448] HTTP_412 | HTTP=412
2026-09-10 19:37:28,990 | INFO | [0449] HTTP_412 | HTTP=412
2026-09-10 19:37:29,390 | INFO | [0450] HTTP_412 | HTTP=412
2026-09-10 19:37:29,791 | INFO | [0451] HTTP_412 | HTTP=412
2026-09-10 19:37:30,193 | INFO | [0452] HTTP_412 | HTTP=412
2026-09-10 19:37:30,592 | INFO | [0453] HTTP_412 | HTTP=412
2026-09-10 19:37:30,993 | INFO | [0454] HTTP_412 | HTTP=412
2026-09-10 19:37:31,397 | INFO | [0455] HTTP_412 | HTTP=412
2026-09-10 19:37:31,803 | INFO | [0456] HTTP_412 | HTTP=412
2026-09-10 19:37:32,204 | INFO | [0457] HTTP_412 | HTTP=412
2026-09-10 19:37:32,607 | INFO | [0458] HTTP_412 | HTTP=412
2026-09-10 19:37:33,008 | INFO | [0459] HTTP_412 | HTTP=412
2026-09-10 19:37:33,408 | INFO | [0460] HTTP_412 | HTTP=412
2026-09-10 19:37:33,810 | INFO | [0461] HTTP_412 | HTTP=412
2026-09-10 19:37:34,209 | INFO | [0462] HTTP_412 | HTTP=412
2026-09-10 19:37:34,608 | INFO | [0463] HTTP_412 | HTTP=412
2026-09-10 19:37:35,009 | INFO | [0464] HTTP_412 | HTTP=412
2026-09-10 19:37:35,408 | INFO | [0465] HTTP_412 | HTTP=412
2026-09-10 19:37:35,808 | INFO | [0466] HTTP_412 | HTTP=412
2026-09-10 19:37:36,212 | INFO | [0467] HTTP_412 | HTTP=412
2026-09-10 19:37:36,613 | INFO | [0468] HTTP_412 | HTTP=412
2026-09-10 19:37:37,255 | INFO | [0469] HTTP_412 | HTTP=412
2026-09-10 19:37:37,793 | INFO | [0470] HTTP_412 | HTTP=412
2026-09-10 19:37:38,705 | INFO | [0471] HTTP_412 | HTTP=412
2026-09-10 19:37:39,107 | INFO | [0472] HTTP_412 | HTTP=412
2026-09-10 19:37:39,507 | INFO | [0473] HTTP_412 | HTTP=412
2026-09-10 19:37:39,910 | INFO | [0474] HTTP_412 | HTTP=412
2026-09-10 19:37:40,312 | INFO | [0475] HTTP_412 | HTTP=412
2026-09-10 19:37:40,711 | INFO | [0476] HTTP_412 | HTTP=412
2026-09-10 19:37:41,110 | INFO | [0477] HTTP_412 | HTTP=412
2026-09-10 19:37:41,510 | INFO | [0478] HTTP_412 | HTTP=412
2026-09-10 19:37:41,912 | INFO | [0479] HTTP_412 | HTTP=412
2026-09-10 19:37:42,333 | INFO | [0480] HTTP_412 | HTTP=412
2026-09-10 19:37:42,738 | INFO | [0481] HTTP_412 | HTTP=412
2026-09-10 19:37:43,139 | INFO | [0482] HTTP_412 | HTTP=412
2026-09-10 19:37:43,539 | INFO | [0483] HTTP_412 | HTTP=412
2026-09-10 19:37:43,938 | INFO | [0484] HTTP_412 | HTTP=412
2026-09-10 19:37:44,339 | INFO | [0485] HTTP_412 | HTTP=412
2026-09-10 19:37:44,745 | INFO | [0486] HTTP_412 | HTTP=412
2026-09-10 19:37:45,143 | INFO | [0487] HTTP_412 | HTTP=412
2026-09-10 19:37:45,544 | INFO | [0488] HTTP_412 | HTTP=412
2026-09-10 19:37:45,943 | INFO | [0489] HTTP_412 | HTTP=412
2026-09-10 19:37:46,343 | INFO | [0490] HTTP_412 | HTTP=412
2026-09-10 19:37:46,741 | INFO | [0491] HTTP_412 | HTTP=412
2026-09-10 19:37:47,142 | INFO | [0492] HTTP_412 | HTTP=412
2026-09-10 19:37:47,969 | INFO | [0493] HTTP_412 | HTTP=412
2026-09-10 19:37:48,369 | INFO | [0494] HTTP_412 | HTTP=412
2026-09-10 19:37:48,767 | INFO | [0495] HTTP_412 | HTTP=412
2026-09-10 19:37:49,167 | INFO | [0496] HTTP_412 | HTTP=412
2026-09-10 19:37:49,566 | INFO | [0497] HTTP_412 | HTTP=412
2026-09-10 19:37:49,965 | INFO | [0498] HTTP_412 | HTTP=412
2026-09-10 19:37:50,367 | INFO | [0499] HTTP_412 | HTTP=412
2026-09-10 19:37:50,766 | INFO | [0500] HTTP_412 | HTTP=412
2026-09-10 19:37:51,168 | INFO | [0501] HTTP_412 | HTTP=412
2026-09-10 19:37:51,572 | INFO | [0502] HTTP_412 | HTTP=412
2026-09-10 19:37:51,971 | INFO | [0503] HTTP_412 | HTTP=412
2026-09-10 19:37:52,375 | INFO | [0504] HTTP_412 | HTTP=412
2026-09-10 19:37:52,774 | INFO | [0505] HTTP_412 | HTTP=412
2026-09-10 19:37:53,174 | INFO | [0506] HTTP_412 | HTTP=412
2026-09-10 19:37:53,574 | INFO | [0507] HTTP_412 | HTTP=412
2026-09-10 19:37:53,975 | INFO | [0508] HTTP_412 | HTTP=412
2026-09-10 19:37:54,374 | INFO | [0509] HTTP_412 | HTTP=412
2026-09-10 19:37:54,774 | INFO | [0510] HTTP_412 | HTTP=412
2026-09-10 19:37:55,173 | INFO | [0511] HTTP_412 | HTTP=412
2026-09-10 19:37:55,573 | INFO | [0512] HTTP_412 | HTTP=412
2026-09-10 19:37:55,972 | INFO | [0513] HTTP_412 | HTTP=412
2026-09-10 19:37:56,374 | INFO | [0514] HTTP_412 | HTTP=412
2026-09-10 19:37:56,773 | INFO | [0515] HTTP_412 | HTTP=412
2026-09-10 19:37:57,173 | INFO | [0516] HTTP_412 | HTTP=412
2026-09-10 19:37:57,577 | INFO | [0517] HTTP_412 | HTTP=412
2026-09-10 19:37:57,977 | INFO | [0518] HTTP_412 | HTTP=412
2026-09-10 19:37:58,377 | INFO | [0519] HTTP_412 | HTTP=412
2026-09-10 19:37:58,776 | INFO | [0520] HTTP_412 | HTTP=412
2026-09-10 19:37:59,175 | INFO | [0521] HTTP_412 | HTTP=412
2026-09-10 19:37:59,578 | INFO | [0522] HTTP_412 | HTTP=412
2026-09-10 19:37:59,977 | INFO | [0523] HTTP_412 | HTTP=412
2026-09-10 19:38:00,377 | INFO | [0524] HTTP_412 | HTTP=412
2026-09-10 19:38:00,775 | INFO | [0525] HTTP_412 | HTTP=412
2026-09-10 19:38:01,175 | INFO | [0526] HTTP_412 | HTTP=412
2026-09-10 19:38:01,577 | INFO | [0527] HTTP_412 | HTTP=412
2026-09-10 19:38:01,978 | INFO | [0528] HTTP_412 | HTTP=412
2026-09-10 19:38:02,377 | INFO | [0529] HTTP_412 | HTTP=412
2026-09-10 19:38:02,777 | INFO | [0530] HTTP_412 | HTTP=412
2026-09-10 19:38:03,177 | INFO | [0531] HTTP_412 | HTTP=412
2026-09-10 19:38:03,576 | INFO | [0532] HTTP_412 | HTTP=412
2026-09-10 19:38:03,976 | INFO | [0533] HTTP_412 | HTTP=412
2026-09-10 19:38:04,375 | INFO | [0534] HTTP_412 | HTTP=412
2026-09-10 19:38:04,773 | INFO | [0535] HTTP_412 | HTTP=412
2026-09-10 19:38:05,171 | INFO | [0536] HTTP_412 | HTTP=412
2026-09-10 19:38:05,572 | INFO | [0537] HTTP_412 | HTTP=412
2026-09-10 19:38:05,970 | INFO | [0538] HTTP_412 | HTTP=412
2026-09-10 19:38:06,370 | INFO | [0539] HTTP_412 | HTTP=412
2026-09-10 19:38:06,768 | INFO | [0540] HTTP_412 | HTTP=412
2026-09-10 19:38:07,171 | INFO | [0541] HTTP_412 | HTTP=412
2026-09-10 19:38:07,572 | INFO | [0542] HTTP_412 | HTTP=412
2026-09-10 19:38:07,972 | INFO | [0543] HTTP_412 | HTTP=412
2026-09-10 19:38:08,372 | INFO | [0544] HTTP_412 | HTTP=412
2026-09-10 19:38:08,775 | INFO | [0545] HTTP_412 | HTTP=412
2026-09-10 19:38:09,174 | INFO | [0546] HTTP_412 | HTTP=412
2026-09-10 19:38:09,574 | INFO | [0547] HTTP_412 | HTTP=412
2026-09-10 19:38:09,973 | INFO | [0548] HTTP_412 | HTTP=412
2026-09-10 19:38:10,372 | INFO | [0549] HTTP_412 | HTTP=412
2026-09-10 19:38:10,772 | INFO | [0550] HTTP_412 | HTTP=412
2026-09-10 19:38:11,171 | INFO | [0551] HTTP_412 | HTTP=412
2026-09-10 19:38:11,575 | INFO | [0552] HTTP_412 | HTTP=412
2026-09-10 19:38:11,977 | INFO | [0553] HTTP_412 | HTTP=412
2026-09-10 19:38:13,230 | INFO | [0554] FOUND | M3U8_MASTER | название не указано | RES=426x240, 1920x1080, 1280x720, 852x480, 640x360 | BW=446000, 796000, 1296000, 4596000, 8096000
2026-09-10 19:38:13,629 | INFO | [0555] HTTP_412 | HTTP=412
2026-09-10 19:38:14,028 | INFO | [0556] HTTP_412 | HTTP=412
2026-09-10 19:38:14,429 | INFO | [0557] HTTP_412 | HTTP=412
2026-09-10 19:38:14,828 | INFO | [0558] HTTP_412 | HTTP=412
2026-09-10 19:38:15,292 | INFO | [0559] HTTP_412 | HTTP=412
2026-09-10 19:38:15,689 | INFO | [0560] HTTP_412 | HTTP=412
2026-09-10 19:38:16,089 | INFO | [0561] HTTP_412 | HTTP=412
2026-09-10 19:38:16,491 | INFO | [0562] HTTP_412 | HTTP=412
2026-09-10 19:38:16,892 | INFO | [0563] HTTP_412 | HTTP=412
2026-09-10 19:38:17,290 | INFO | [0564] HTTP_412 | HTTP=412
2026-09-10 19:38:17,695 | INFO | [0565] HTTP_412 | HTTP=412
2026-09-10 19:38:18,094 | INFO | [0566] HTTP_412 | HTTP=412
2026-09-10 19:38:18,496 | INFO | [0567] HTTP_412 | HTTP=412
2026-09-10 19:38:18,896 | INFO | [0568] HTTP_412 | HTTP=412
2026-09-10 19:38:19,298 | INFO | [0569] HTTP_412 | HTTP=412
2026-09-10 19:38:19,698 | INFO | [0570] HTTP_412 | HTTP=412
2026-09-10 19:38:20,100 | INFO | [0571] HTTP_412 | HTTP=412
2026-09-10 19:38:20,501 | INFO | [0572] HTTP_412 | HTTP=412
2026-09-10 19:38:20,903 | INFO | [0573] HTTP_412 | HTTP=412
2026-09-10 19:38:21,306 | INFO | [0574] HTTP_412 | HTTP=412
2026-09-10 19:38:21,708 | INFO | [0575] HTTP_412 | HTTP=412
2026-09-10 19:38:22,109 | INFO | [0576] HTTP_412 | HTTP=412
2026-09-10 19:38:22,510 | INFO | [0577] HTTP_412 | HTTP=412
2026-09-10 19:38:22,914 | INFO | [0578] HTTP_412 | HTTP=412
2026-09-10 19:38:23,314 | INFO | [0579] HTTP_412 | HTTP=412
2026-09-10 19:38:23,716 | INFO | [0580] HTTP_412 | HTTP=412
2026-09-10 19:38:24,114 | INFO | [0581] HTTP_412 | HTTP=412
2026-09-10 19:38:24,515 | INFO | [0582] HTTP_412 | HTTP=412
2026-09-10 19:38:24,915 | INFO | [0583] HTTP_412 | HTTP=412
2026-09-10 19:38:25,317 | INFO | [0584] HTTP_412 | HTTP=412
2026-09-10 19:38:25,718 | INFO | [0585] HTTP_412 | HTTP=412
2026-09-10 19:38:26,120 | INFO | [0586] HTTP_412 | HTTP=412
2026-09-10 19:38:26,522 | INFO | [0587] HTTP_412 | HTTP=412
2026-09-10 19:38:26,931 | INFO | [0588] HTTP_412 | HTTP=412
2026-09-10 19:38:27,333 | INFO | [0589] HTTP_412 | HTTP=412
2026-09-10 19:38:27,734 | INFO | [0590] HTTP_412 | HTTP=412
2026-09-10 19:38:28,335 | INFO | [0591] HTTP_412 | HTTP=412
2026-09-10 19:38:28,738 | INFO | [0592] HTTP_412 | HTTP=412
2026-09-10 19:38:29,140 | INFO | [0593] HTTP_412 | HTTP=412
2026-09-10 19:38:29,549 | INFO | [0594] HTTP_412 | HTTP=412
2026-09-10 19:38:29,953 | INFO | [0595] HTTP_412 | HTTP=412
2026-09-10 19:38:30,355 | INFO | [0596] HTTP_412 | HTTP=412
2026-09-10 19:38:30,761 | INFO | [0597] HTTP_412 | HTTP=412
2026-09-10 19:38:31,160 | INFO | [0598] HTTP_412 | HTTP=412
2026-09-10 19:38:31,561 | INFO | [0599] HTTP_412 | HTTP=412
2026-09-10 19:38:31,973 | INFO | [0600] HTTP_412 | HTTP=412
2026-09-10 19:38:32,375 | INFO | [0601] HTTP_412 | HTTP=412
2026-09-10 19:38:32,778 | INFO | [0602] HTTP_412 | HTTP=412
2026-09-10 19:38:33,180 | INFO | [0603] HTTP_412 | HTTP=412
2026-09-10 19:38:33,583 | INFO | [0604] HTTP_412 | HTTP=412
2026-09-10 19:38:34,181 | INFO | [0605] HTTP_412 | HTTP=412
2026-09-10 19:38:34,588 | INFO | [0606] HTTP_412 | HTTP=412
2026-09-10 19:38:34,987 | INFO | [0607] HTTP_412 | HTTP=412
2026-09-10 19:38:35,400 | INFO | [0608] HTTP_412 | HTTP=412
2026-09-10 19:38:35,798 | INFO | [0609] HTTP_412 | HTTP=412
2026-09-10 19:38:36,200 | INFO | [0610] HTTP_412 | HTTP=412
2026-09-10 19:38:36,601 | INFO | [0611] HTTP_412 | HTTP=412
2026-09-10 19:38:37,002 | INFO | [0612] HTTP_412 | HTTP=412
2026-09-10 19:38:37,404 | INFO | [0613] HTTP_412 | HTTP=412
2026-09-10 19:38:37,814 | INFO | [0614] HTTP_412 | HTTP=412
2026-09-10 19:38:38,213 | INFO | [0615] HTTP_412 | HTTP=412
2026-09-10 19:38:38,612 | INFO | [0616] HTTP_412 | HTTP=412
2026-09-10 19:38:39,016 | INFO | [0617] HTTP_412 | HTTP=412
2026-09-10 19:38:40,419 | INFO | [0618] FOUND | M3U8_MASTER | название не указано | RES=426x240, 1024x576, 640x360 | BW=446000, 796000, 2096000
2026-09-10 19:38:40,821 | INFO | [0619] HTTP_412 | HTTP=412
2026-09-10 19:38:41,222 | INFO | [0620] HTTP_412 | HTTP=412
2026-09-10 19:38:41,621 | INFO | [0621] HTTP_412 | HTTP=412
2026-09-10 19:38:42,032 | INFO | [0622] HTTP_412 | HTTP=412
2026-09-10 19:38:42,431 | INFO | [0623] HTTP_412 | HTTP=412
2026-09-10 19:38:42,838 | INFO | [0624] HTTP_412 | HTTP=412
2026-09-10 19:38:43,241 | INFO | [0625] HTTP_412 | HTTP=412
2026-09-10 19:38:43,645 | INFO | [0626] HTTP_412 | HTTP=412
2026-09-10 19:38:44,049 | INFO | [0627] HTTP_412 | HTTP=412
2026-09-10 19:38:44,452 | INFO | [0628] HTTP_412 | HTTP=412
2026-09-10 19:38:44,855 | INFO | [0629] HTTP_412 | HTTP=412
2026-09-10 19:38:45,258 | INFO | [0630] HTTP_412 | HTTP=412
2026-09-10 19:38:45,659 | INFO | [0631] HTTP_412 | HTTP=412
2026-09-10 19:38:46,062 | INFO | [0632] HTTP_412 | HTTP=412
2026-09-10 19:38:46,460 | INFO | [0633] HTTP_412 | HTTP=412
2026-09-10 19:38:46,863 | INFO | [0634] HTTP_412 | HTTP=412
2026-09-10 19:38:47,265 | INFO | [0635] HTTP_412 | HTTP=412
2026-09-10 19:38:47,668 | INFO | [0636] HTTP_412 | HTTP=412
2026-09-10 19:38:48,066 | INFO | [0637] HTTP_412 | HTTP=412
2026-09-10 19:38:48,469 | INFO | [0638] HTTP_412 | HTTP=412
2026-09-10 19:38:48,872 | INFO | [0639] HTTP_412 | HTTP=412
2026-09-10 19:38:49,281 | INFO | [0640] HTTP_412 | HTTP=412
2026-09-10 19:38:49,685 | INFO | [0641] HTTP_412 | HTTP=412
2026-09-10 19:38:50,121 | INFO | [0642] HTTP_412 | HTTP=412
2026-09-10 19:38:50,519 | INFO | [0643] HTTP_412 | HTTP=412
2026-09-10 19:38:50,924 | INFO | [0644] HTTP_412 | HTTP=412
2026-09-10 19:38:51,346 | INFO | [0645] HTTP_412 | HTTP=412
2026-09-10 19:38:51,745 | INFO | [0646] HTTP_412 | HTTP=412
2026-09-10 19:38:52,211 | INFO | [0647] HTTP_412 | HTTP=412
2026-09-10 19:38:52,656 | INFO | [0648] HTTP_412 | HTTP=412
2026-09-10 19:38:53,060 | INFO | [0649] HTTP_412 | HTTP=412
2026-09-10 19:38:53,464 | INFO | [0650] HTTP_412 | HTTP=412
2026-09-10 19:38:53,865 | INFO | [0651] HTTP_412 | HTTP=412
2026-09-10 19:38:54,265 | INFO | [0652] HTTP_412 | HTTP=412
2026-09-10 19:38:54,665 | INFO | [0653] HTTP_412 | HTTP=412
2026-09-10 19:38:55,065 | INFO | [0654] HTTP_412 | HTTP=412
2026-09-10 19:38:55,467 | INFO | [0655] HTTP_412 | HTTP=412
2026-09-10 19:38:55,874 | INFO | [0656] HTTP_412 | HTTP=412
2026-09-10 19:38:56,274 | INFO | [0657] HTTP_412 | HTTP=412
2026-09-10 19:38:56,675 | INFO | [0658] HTTP_412 | HTTP=412
2026-09-10 19:38:57,079 | INFO | [0659] HTTP_412 | HTTP=412
2026-09-10 19:38:57,480 | INFO | [0660] HTTP_412 | HTTP=412
2026-09-10 19:38:57,885 | INFO | [0661] HTTP_412 | HTTP=412
2026-09-10 19:38:58,287 | INFO | [0662] HTTP_412 | HTTP=412
2026-09-10 19:38:58,688 | INFO | [0663] HTTP_412 | HTTP=412
2026-09-10 19:38:59,093 | INFO | [0664] HTTP_412 | HTTP=412
2026-09-10 19:38:59,494 | INFO | [0665] HTTP_412 | HTTP=412
2026-09-10 19:38:59,896 | INFO | [0666] HTTP_412 | HTTP=412
2026-09-10 19:39:00,296 | INFO | [0667] HTTP_412 | HTTP=412
2026-09-10 19:39:00,698 | INFO | [0668] HTTP_412 | HTTP=412
2026-09-10 19:39:01,111 | INFO | [0669] HTTP_412 | HTTP=412
2026-09-10 19:39:01,524 | INFO | [0670] HTTP_412 | HTTP=412
2026-09-10 19:39:01,962 | INFO | [0671] HTTP_412 | HTTP=412
2026-09-10 19:39:02,367 | INFO | [0672] HTTP_412 | HTTP=412
2026-09-10 19:39:02,781 | INFO | [0673] HTTP_412 | HTTP=412
2026-09-10 19:39:03,185 | INFO | [0674] HTTP_412 | HTTP=412
2026-09-10 19:39:03,585 | INFO | [0675] HTTP_412 | HTTP=412
2026-09-10 19:39:03,987 | INFO | [0676] HTTP_412 | HTTP=412
2026-09-10 19:39:04,390 | INFO | [0677] HTTP_412 | HTTP=412
2026-09-10 19:39:04,791 | INFO | [0678] HTTP_412 | HTTP=412
2026-09-10 19:39:05,198 | INFO | [0679] HTTP_412 | HTTP=412
2026-09-10 19:39:05,600 | INFO | [0680] HTTP_412 | HTTP=412
2026-09-10 19:39:06,001 | INFO | [0681] HTTP_412 | HTTP=412
2026-09-10 19:39:06,404 | INFO | [0682] HTTP_412 | HTTP=412
2026-09-10 19:39:06,803 | INFO | [0683] HTTP_412 | HTTP=412
2026-09-10 19:39:07,204 | INFO | [0684] HTTP_412 | HTTP=412
2026-09-10 19:39:07,607 | INFO | [0685] HTTP_412 | HTTP=412
2026-09-10 19:39:08,006 | INFO | [0686] HTTP_412 | HTTP=412
2026-09-10 19:39:08,404 | INFO | [0687] HTTP_412 | HTTP=412
2026-09-10 19:39:08,814 | INFO | [0688] HTTP_412 | HTTP=412
2026-09-10 19:39:09,216 | INFO | [0689] HTTP_412 | HTTP=412
2026-09-10 19:39:09,617 | INFO | [0690] HTTP_412 | HTTP=412
2026-09-10 19:39:10,019 | INFO | [0691] HTTP_412 | HTTP=412
2026-09-10 19:39:10,419 | INFO | [0692] HTTP_412 | HTTP=412
2026-09-10 19:39:10,818 | INFO | [0693] HTTP_412 | HTTP=412
2026-09-10 19:39:11,217 | INFO | [0694] HTTP_412 | HTTP=412
2026-09-10 19:39:11,625 | INFO | [0695] HTTP_412 | HTTP=412
2026-09-10 19:39:12,026 | INFO | [0696] HTTP_412 | HTTP=412
2026-09-10 19:39:12,431 | INFO | [0697] HTTP_412 | HTTP=412
2026-09-10 19:39:12,835 | INFO | [0698] HTTP_412 | HTTP=412
2026-09-10 19:39:13,237 | INFO | [0699] HTTP_412 | HTTP=412
2026-09-10 19:39:13,641 | INFO | [0700] HTTP_412 | HTTP=412
2026-09-10 19:39:14,045 | INFO | [0701] HTTP_412 | HTTP=412
2026-09-10 19:39:14,445 | INFO | [0702] HTTP_412 | HTTP=412
2026-09-10 19:39:14,844 | INFO | [0703] HTTP_412 | HTTP=412
2026-09-10 19:39:15,246 | INFO | [0704] HTTP_412 | HTTP=412
2026-09-10 19:39:15,645 | INFO | [0705] HTTP_412 | HTTP=412
2026-09-10 19:39:16,047 | INFO | [0706] HTTP_412 | HTTP=412
2026-09-10 19:39:16,451 | INFO | [0707] HTTP_412 | HTTP=412
2026-09-10 19:39:16,853 | INFO | [0708] HTTP_412 | HTTP=412
2026-09-10 19:39:17,255 | INFO | [0709] HTTP_412 | HTTP=412
2026-09-10 19:39:17,654 | INFO | [0710] HTTP_412 | HTTP=412
2026-09-10 19:39:18,061 | INFO | [0711] HTTP_412 | HTTP=412
2026-09-10 19:39:18,468 | INFO | [0712] HTTP_412 | HTTP=412
2026-09-10 19:39:18,870 | INFO | [0713] HTTP_412 | HTTP=412
2026-09-10 19:39:19,268 | INFO | [0714] HTTP_412 | HTTP=412
2026-09-10 19:39:19,670 | INFO | [0715] HTTP_412 | HTTP=412
2026-09-10 19:39:20,069 | INFO | [0716] HTTP_412 | HTTP=412
2026-09-10 19:39:20,468 | INFO | [0717] HTTP_412 | HTTP=412
2026-09-10 19:39:20,867 | INFO | [0718] HTTP_412 | HTTP=412
2026-09-10 19:39:21,271 | INFO | [0719] HTTP_412 | HTTP=412
2026-09-10 19:39:21,675 | INFO | [0720] HTTP_412 | HTTP=412
2026-09-10 19:39:22,078 | INFO | [0721] HTTP_412 | HTTP=412
2026-09-10 19:39:22,478 | INFO | [0722] HTTP_412 | HTTP=412
2026-09-10 19:39:22,876 | INFO | [0723] HTTP_412 | HTTP=412
2026-09-10 19:39:23,276 | INFO | [0724] HTTP_412 | HTTP=412
2026-09-10 19:39:23,676 | INFO | [0725] HTTP_412 | HTTP=412
2026-09-10 19:39:24,077 | INFO | [0726] HTTP_412 | HTTP=412
2026-09-10 19:39:25,071 | INFO | [0727] HTTP_412 | HTTP=412
2026-09-10 19:39:25,580 | INFO | [0728] HTTP_412 | HTTP=412
2026-09-10 19:39:25,985 | INFO | [0729] HTTP_412 | HTTP=412
2026-09-10 19:39:26,383 | INFO | [0730] HTTP_412 | HTTP=412
2026-09-10 19:39:26,783 | INFO | [0731] HTTP_412 | HTTP=412
2026-09-10 19:39:27,186 | INFO | [0732] HTTP_412 | HTTP=412
2026-09-10 19:39:27,587 | INFO | [0733] HTTP_412 | HTTP=412
2026-09-10 19:39:27,990 | INFO | [0734] HTTP_412 | HTTP=412
2026-09-10 19:39:28,390 | INFO | [0735] HTTP_412 | HTTP=412
2026-09-10 19:39:28,792 | INFO | [0736] HTTP_412 | HTTP=412
2026-09-10 19:39:29,204 | INFO | [0737] HTTP_412 | HTTP=412
2026-09-10 19:39:29,607 | INFO | [0738] HTTP_412 | HTTP=412
2026-09-10 19:39:30,011 | INFO | [0739] HTTP_412 | HTTP=412
2026-09-10 19:39:30,412 | INFO | [0740] HTTP_412 | HTTP=412
2026-09-10 19:39:30,812 | INFO | [0741] HTTP_412 | HTTP=412
2026-09-10 19:39:31,214 | INFO | [0742] HTTP_412 | HTTP=412
2026-09-10 19:39:31,614 | INFO | [0743] HTTP_412 | HTTP=412
2026-09-10 19:39:32,013 | INFO | [0744] HTTP_412 | HTTP=412
2026-09-10 19:39:32,414 | INFO | [0745] HTTP_412 | HTTP=412
2026-09-10 19:39:32,813 | INFO | [0746] HTTP_412 | HTTP=412
2026-09-10 19:39:33,216 | INFO | [0747] HTTP_412 | HTTP=412
2026-09-10 19:39:34,584 | INFO | [0748] FOUND | M3U8_MASTER | название не указано | RES=426x240, 1024x576, 640x360 | BW=446000, 796000, 2096000
2026-09-10 19:39:34,986 | INFO | [0749] HTTP_412 | HTTP=412
2026-09-10 19:39:35,388 | INFO | [0750] HTTP_412 | HTTP=412
2026-09-10 19:39:35,789 | INFO | [0751] HTTP_412 | HTTP=412
2026-09-10 19:39:36,186 | INFO | [0752] HTTP_412 | HTTP=412
2026-09-10 19:39:36,586 | INFO | [0753] HTTP_412 | HTTP=412
2026-09-10 19:39:36,994 | INFO | [0754] HTTP_412 | HTTP=412
2026-09-10 19:39:37,396 | INFO | [0755] HTTP_412 | HTTP=412
2026-09-10 19:39:37,797 | INFO | [0756] HTTP_412 | HTTP=412
2026-09-10 19:39:38,198 | INFO | [0757] HTTP_412 | HTTP=412
2026-09-10 19:39:38,598 | INFO | [0758] HTTP_412 | HTTP=412
2026-09-10 19:39:38,996 | INFO | [0759] HTTP_412 | HTTP=412
2026-09-10 19:39:39,397 | INFO | [0760] HTTP_412 | HTTP=412
2026-09-10 19:39:39,798 | INFO | [0761] HTTP_412 | HTTP=412
2026-09-10 19:39:40,200 | INFO | [0762] HTTP_412 | HTTP=412
2026-09-10 19:39:40,600 | INFO | [0763] HTTP_412 | HTTP=412
2026-09-10 19:39:41,004 | INFO | [0764] HTTP_412 | HTTP=412
2026-09-10 19:39:41,406 | INFO | [0765] HTTP_412 | HTTP=412
2026-09-10 19:39:41,810 | INFO | [0766] HTTP_412 | HTTP=412
2026-09-10 19:39:42,208 | INFO | [0767] HTTP_412 | HTTP=412
2026-09-10 19:39:42,607 | INFO | [0768] HTTP_412 | HTTP=412
2026-09-10 19:39:43,011 | INFO | [0769] HTTP_412 | HTTP=412
2026-09-10 19:39:43,411 | INFO | [0770] HTTP_412 | HTTP=412
2026-09-10 19:39:43,817 | INFO | [0771] HTTP_412 | HTTP=412
2026-09-10 19:39:44,218 | INFO | [0772] HTTP_412 | HTTP=412
2026-09-10 19:39:44,618 | INFO | [0773] HTTP_412 | HTTP=412
2026-09-10 19:39:45,019 | INFO | [0774] HTTP_412 | HTTP=412
2026-09-10 19:39:45,421 | INFO | [0775] HTTP_412 | HTTP=412
2026-09-10 19:39:45,819 | INFO | [0776] HTTP_412 | HTTP=412
2026-09-10 19:39:46,224 | INFO | [0777] HTTP_412 | HTTP=412
2026-09-10 19:39:46,627 | INFO | [0778] HTTP_412 | HTTP=412
2026-09-10 19:39:47,028 | INFO | [0779] HTTP_412 | HTTP=412
2026-09-10 19:39:47,430 | INFO | [0780] HTTP_412 | HTTP=412
2026-09-10 19:39:47,833 | INFO | [0781] HTTP_412 | HTTP=412
2026-09-10 19:39:48,236 | INFO | [0782] HTTP_412 | HTTP=412
2026-09-10 19:39:48,638 | INFO | [0783] HTTP_412 | HTTP=412
2026-09-10 19:39:49,036 | INFO | [0784] HTTP_412 | HTTP=412
2026-09-10 19:39:49,438 | INFO | [0785] HTTP_412 | HTTP=412
2026-09-10 19:39:49,840 | INFO | [0786] HTTP_412 | HTTP=412
2026-09-10 19:39:50,240 | INFO | [0787] HTTP_412 | HTTP=412
2026-09-10 19:39:50,638 | INFO | [0788] HTTP_412 | HTTP=412
2026-09-10 19:39:51,038 | INFO | [0789] HTTP_412 | HTTP=412
2026-09-10 19:39:51,438 | INFO | [0790] HTTP_412 | HTTP=412
2026-09-10 19:39:51,844 | INFO | [0791] HTTP_412 | HTTP=412
2026-09-10 19:39:52,242 | INFO | [0792] HTTP_412 | HTTP=412
2026-09-10 19:39:52,644 | INFO | [0793] HTTP_412 | HTTP=412
2026-09-10 19:39:53,044 | INFO | [0794] HTTP_412 | HTTP=412
2026-09-10 19:39:53,442 | INFO | [0795] HTTP_412 | HTTP=412
2026-09-10 19:39:53,846 | INFO | [0796] HTTP_412 | HTTP=412
2026-09-10 19:39:54,250 | INFO | [0797] HTTP_412 | HTTP=412
2026-09-10 19:39:54,649 | INFO | [0798] HTTP_412 | HTTP=412
2026-09-10 19:39:55,047 | INFO | [0799] HTTP_412 | HTTP=412
2026-09-10 19:39:55,452 | INFO | [0800] HTTP_412 | HTTP=412
2026-09-10 19:39:55,852 | INFO | [0801] HTTP_412 | HTTP=412
2026-09-10 19:39:56,251 | INFO | [0802] HTTP_412 | HTTP=412
2026-09-10 19:39:56,654 | INFO | [0803] HTTP_412 | HTTP=412
2026-09-10 19:39:57,666 | INFO | [0804] HTTP_412 | HTTP=412
2026-09-10 19:39:58,070 | INFO | [0805] HTTP_412 | HTTP=412
2026-09-10 19:39:58,470 | INFO | [0806] HTTP_412 | HTTP=412
2026-09-10 19:39:58,868 | INFO | [0807] HTTP_412 | HTTP=412
2026-09-10 19:39:59,269 | INFO | [0808] HTTP_412 | HTTP=412
2026-09-10 19:39:59,670 | INFO | [0809] HTTP_412 | HTTP=412
2026-09-10 19:40:00,074 | INFO | [0810] HTTP_412 | HTTP=412
2026-09-10 19:40:00,477 | INFO | [0811] HTTP_412 | HTTP=412
2026-09-10 19:40:00,875 | INFO | [0812] HTTP_412 | HTTP=412
2026-09-10 19:40:01,273 | INFO | [0813] HTTP_412 | HTTP=412
2026-09-10 19:40:01,673 | INFO | [0814] HTTP_412 | HTTP=412
2026-09-10 19:40:02,144 | INFO | [0815] HTTP_412 | HTTP=412
2026-09-10 19:40:02,839 | INFO | [0816] HTTP_412 | HTTP=412
2026-09-10 19:40:03,240 | INFO | [0817] HTTP_412 | HTTP=412
2026-09-10 19:40:03,641 | INFO | [0818] HTTP_412 | HTTP=412
2026-09-10 19:40:04,044 | INFO | [0819] HTTP_412 | HTTP=412
2026-09-10 19:40:04,444 | INFO | [0820] HTTP_412 | HTTP=412
2026-09-10 19:40:04,843 | INFO | [0821] HTTP_412 | HTTP=412
2026-09-10 19:40:05,245 | INFO | [0822] HTTP_412 | HTTP=412
2026-09-10 19:40:05,644 | INFO | [0823] HTTP_412 | HTTP=412
2026-09-10 19:40:06,049 | INFO | [0824] HTTP_412 | HTTP=412
2026-09-10 19:40:06,448 | INFO | [0825] HTTP_412 | HTTP=412
2026-09-10 19:40:06,848 | INFO | [0826] HTTP_412 | HTTP=412
2026-09-10 19:40:07,246 | INFO | [0827] HTTP_412 | HTTP=412
2026-09-10 19:40:07,648 | INFO | [0828] HTTP_412 | HTTP=412
2026-09-10 19:40:08,047 | INFO | [0829] HTTP_412 | HTTP=412
2026-09-10 19:40:08,447 | INFO | [0830] HTTP_412 | HTTP=412
2026-09-10 19:40:08,849 | INFO | [0831] HTTP_412 | HTTP=412
2026-09-10 19:40:09,251 | INFO | [0832] HTTP_412 | HTTP=412
2026-09-10 19:40:09,658 | INFO | [0833] HTTP_412 | HTTP=412
2026-09-10 19:40:10,060 | INFO | [0834] HTTP_412 | HTTP=412
2026-09-10 19:40:10,464 | INFO | [0835] HTTP_412 | HTTP=412
2026-09-10 19:40:10,866 | INFO | [0836] HTTP_412 | HTTP=412
2026-09-10 19:40:11,267 | INFO | [0837] HTTP_412 | HTTP=412
2026-09-10 19:40:11,666 | INFO | [0838] HTTP_412 | HTTP=412
2026-09-10 19:40:12,067 | INFO | [0839] HTTP_412 | HTTP=412
2026-09-10 19:40:12,468 | INFO | [0840] HTTP_412 | HTTP=412
2026-09-10 19:40:12,870 | INFO | [0841] HTTP_412 | HTTP=412
2026-09-10 19:40:13,274 | INFO | [0842] HTTP_412 | HTTP=412
2026-09-10 19:40:13,674 | INFO | [0843] HTTP_412 | HTTP=412
2026-09-10 19:40:14,076 | INFO | [0844] HTTP_412 | HTTP=412
2026-09-10 19:40:14,476 | INFO | [0845] HTTP_412 | HTTP=412
2026-09-10 19:40:14,874 | INFO | [0846] HTTP_412 | HTTP=412
2026-09-10 19:40:15,272 | INFO | [0847] HTTP_412 | HTTP=412
2026-09-10 19:40:15,673 | INFO | [0848] HTTP_412 | HTTP=412
2026-09-10 19:40:16,074 | INFO | [0849] HTTP_412 | HTTP=412
2026-09-10 19:40:16,473 | INFO | [0850] HTTP_412 | HTTP=412
2026-09-10 19:40:16,872 | INFO | [0851] HTTP_412 | HTTP=412
2026-09-10 19:40:17,273 | INFO | [0852] HTTP_412 | HTTP=412
2026-09-10 19:40:17,676 | INFO | [0853] HTTP_412 | HTTP=412
2026-09-10 19:40:18,076 | INFO | [0854] HTTP_412 | HTTP=412
2026-09-10 19:40:18,476 | INFO | [0855] HTTP_412 | HTTP=412
2026-09-10 19:40:18,878 | INFO | [0856] HTTP_412 | HTTP=412
2026-09-10 19:40:19,279 | INFO | [0857] HTTP_412 | HTTP=412
2026-09-10 19:40:19,678 | INFO | [0858] HTTP_412 | HTTP=412
2026-09-10 19:40:20,077 | INFO | [0859] HTTP_412 | HTTP=412
2026-09-10 19:40:20,479 | INFO | [0860] HTTP_412 | HTTP=412
2026-09-10 19:40:20,879 | INFO | [0861] HTTP_412 | HTTP=412
2026-09-10 19:40:21,282 | INFO | [0862] HTTP_412 | HTTP=412
2026-09-10 19:40:21,938 | INFO | [0863] FOUND | M3U8_MASTER | название не указано | RES=426x240, 1920x1080, 1280x720, 852x480, 640x360 | BW=446000, 796000, 1296000, 4596000, 8096000
2026-09-10 19:40:22,338 | INFO | [0864] HTTP_412 | HTTP=412
2026-09-10 19:40:22,740 | INFO | [0865] HTTP_412 | HTTP=412
2026-09-10 19:40:23,146 | INFO | [0866] HTTP_412 | HTTP=412
2026-09-10 19:40:23,556 | INFO | [0867] HTTP_412 | HTTP=412
2026-09-10 19:40:23,959 | INFO | [0868] HTTP_412 | HTTP=412
2026-09-10 19:40:24,360 | INFO | [0869] HTTP_412 | HTTP=412
2026-09-10 19:40:24,766 | INFO | [0870] HTTP_412 | HTTP=412
2026-09-10 19:40:25,169 | INFO | [0871] HTTP_412 | HTTP=412
2026-09-10 19:40:25,576 | INFO | [0872] HTTP_412 | HTTP=412
2026-09-10 19:40:25,974 | INFO | [0873] HTTP_412 | HTTP=412
2026-09-10 19:40:26,379 | INFO | [0874] HTTP_412 | HTTP=412
2026-09-10 19:40:26,782 | INFO | [0875] HTTP_412 | HTTP=412
2026-09-10 19:40:27,182 | INFO | [0876] HTTP_412 | HTTP=412
2026-09-10 19:40:27,583 | INFO | [0877] HTTP_412 | HTTP=412
2026-09-10 19:40:27,982 | INFO | [0878] HTTP_412 | HTTP=412
2026-09-10 19:40:28,382 | INFO | [0879] HTTP_412 | HTTP=412
2026-09-10 19:40:28,783 | INFO | [0880] HTTP_412 | HTTP=412
2026-09-10 19:40:29,201 | INFO | [0881] HTTP_412 | HTTP=412
2026-09-10 19:40:29,603 | INFO | [0882] HTTP_412 | HTTP=412
2026-09-10 19:40:30,002 | INFO | [0883] HTTP_412 | HTTP=412
2026-09-10 19:40:30,404 | INFO | [0884] HTTP_412 | HTTP=412
2026-09-10 19:40:30,804 | INFO | [0885] HTTP_412 | HTTP=412
2026-09-10 19:40:31,204 | INFO | [0886] HTTP_412 | HTTP=412
2026-09-10 19:40:31,602 | INFO | [0887] HTTP_412 | HTTP=412
2026-09-10 19:40:32,002 | INFO | [0888] HTTP_412 | HTTP=412
2026-09-10 19:40:32,404 | INFO | [0889] HTTP_412 | HTTP=412
2026-09-10 19:40:32,805 | INFO | [0890] HTTP_412 | HTTP=412
2026-09-10 19:40:33,205 | INFO | [0891] HTTP_412 | HTTP=412
2026-09-10 19:40:33,609 | INFO | [0892] HTTP_412 | HTTP=412
2026-09-10 19:40:34,339 | INFO | [0893] HTTP_412 | HTTP=412
2026-09-10 19:40:34,740 | INFO | [0894] HTTP_412 | HTTP=412
2026-09-10 19:40:35,139 | INFO | [0895] HTTP_412 | HTTP=412
2026-09-10 19:40:35,539 | INFO | [0896] HTTP_412 | HTTP=412
2026-09-10 19:40:35,940 | INFO | [0897] HTTP_412 | HTTP=412
2026-09-10 19:40:36,339 | INFO | [0898] HTTP_412 | HTTP=412
2026-09-10 19:40:36,740 | INFO | [0899] HTTP_412 | HTTP=412
2026-09-10 19:40:37,143 | INFO | [0900] HTTP_412 | HTTP=412
2026-09-10 19:40:37,542 | INFO | [0901] HTTP_412 | HTTP=412
2026-09-10 19:40:37,942 | INFO | [0902] HTTP_412 | HTTP=412
2026-09-10 19:40:38,346 | INFO | [0903] HTTP_412 | HTTP=412
2026-09-10 19:40:38,744 | INFO | [0904] HTTP_412 | HTTP=412
2026-09-10 19:40:39,146 | INFO | [0905] HTTP_412 | HTTP=412
2026-09-10 19:40:39,545 | INFO | [0906] HTTP_412 | HTTP=412
2026-09-10 19:40:39,946 | INFO | [0907] HTTP_412 | HTTP=412
2026-09-10 19:40:40,353 | INFO | [0908] HTTP_412 | HTTP=412
2026-09-10 19:40:40,754 | INFO | [0909] HTTP_412 | HTTP=412
2026-09-10 19:40:41,154 | INFO | [0910] HTTP_412 | HTTP=412
2026-09-10 19:40:41,555 | INFO | [0911] HTTP_412 | HTTP=412
2026-09-10 19:40:41,957 | INFO | [0912] HTTP_412 | HTTP=412
2026-09-10 19:40:42,356 | INFO | [0913] HTTP_412 | HTTP=412
2026-09-10 19:40:42,755 | INFO | [0914] HTTP_412 | HTTP=412
2026-09-10 19:40:43,155 | INFO | [0915] HTTP_412 | HTTP=412
2026-09-10 19:40:43,558 | INFO | [0916] HTTP_412 | HTTP=412
2026-09-10 19:40:43,962 | INFO | [0917] HTTP_412 | HTTP=412
2026-09-10 19:40:44,360 | INFO | [0918] HTTP_412 | HTTP=412
2026-09-10 19:40:44,759 | INFO | [0919] HTTP_412 | HTTP=412
2026-09-10 19:40:45,161 | INFO | [0920] HTTP_412 | HTTP=412
2026-09-10 19:40:45,559 | INFO | [0921] HTTP_412 | HTTP=412
2026-09-10 19:40:45,960 | INFO | [0922] HTTP_412 | HTTP=412
2026-09-10 19:40:46,362 | INFO | [0923] HTTP_412 | HTTP=412
2026-09-10 19:40:46,761 | INFO | [0924] HTTP_412 | HTTP=412
2026-09-10 19:40:47,162 | INFO | [0925] HTTP_412 | HTTP=412
2026-09-10 19:40:47,565 | INFO | [0926] HTTP_412 | HTTP=412
2026-09-10 19:40:47,969 | INFO | [0927] HTTP_412 | HTTP=412
2026-09-10 19:40:48,367 | INFO | [0928] HTTP_412 | HTTP=412
2026-09-10 19:40:48,770 | INFO | [0929] HTTP_412 | HTTP=412
2026-09-10 19:40:49,171 | INFO | [0930] HTTP_412 | HTTP=412
2026-09-10 19:40:49,570 | INFO | [0931] HTTP_412 | HTTP=412
2026-09-10 19:40:49,972 | INFO | [0932] HTTP_412 | HTTP=412
2026-09-10 19:40:50,373 | INFO | [0933] HTTP_412 | HTTP=412
2026-09-10 19:40:50,773 | INFO | [0934] HTTP_412 | HTTP=412
2026-09-10 19:40:51,174 | INFO | [0935] HTTP_412 | HTTP=412
2026-09-10 19:40:51,574 | INFO | [0936] HTTP_412 | HTTP=412
2026-09-10 19:40:51,975 | INFO | [0937] HTTP_412 | HTTP=412
2026-09-10 19:40:52,376 | INFO | [0938] HTTP_412 | HTTP=412
2026-09-10 19:40:52,774 | INFO | [0939] HTTP_412 | HTTP=412
2026-09-10 19:40:53,173 | INFO | [0940] HTTP_412 | HTTP=412
2026-09-10 19:40:53,577 | INFO | [0941] HTTP_412 | HTTP=412
2026-09-10 19:40:53,975 | INFO | [0942] HTTP_412 | HTTP=412
2026-09-10 19:40:54,383 | INFO | [0943] HTTP_412 | HTTP=412
2026-09-10 19:40:54,783 | INFO | [0944] HTTP_412 | HTTP=412
2026-09-10 19:40:55,195 | INFO | [0945] HTTP_412 | HTTP=412
2026-09-10 19:40:55,595 | INFO | [0946] HTTP_412 | HTTP=412
2026-09-10 19:40:55,997 | INFO | [0947] HTTP_412 | HTTP=412
2026-09-10 19:40:56,397 | INFO | [0948] HTTP_412 | HTTP=412
2026-09-10 19:40:56,796 | INFO | [0949] HTTP_412 | HTTP=412
2026-09-10 19:40:57,196 | INFO | [0950] HTTP_412 | HTTP=412
2026-09-10 19:40:57,595 | INFO | [0951] HTTP_412 | HTTP=412
2026-09-10 19:40:57,997 | INFO | [0952] HTTP_412 | HTTP=412
2026-09-10 19:40:58,398 | INFO | [0953] HTTP_412 | HTTP=412
2026-09-10 19:40:58,797 | INFO | [0954] HTTP_412 | HTTP=412
2026-09-10 19:40:59,216 | INFO | [0955] HTTP_412 | HTTP=412
2026-09-10 19:40:59,621 | INFO | [0956] HTTP_412 | HTTP=412
2026-09-10 19:41:00,021 | INFO | [0957] HTTP_412 | HTTP=412
2026-09-10 19:41:00,421 | INFO | [0958] HTTP_412 | HTTP=412
2026-09-10 19:41:00,826 | INFO | [0959] HTTP_412 | HTTP=412
2026-09-10 19:41:01,823 | INFO | [0960] HTTP_412 | HTTP=412
2026-09-10 19:41:02,221 | INFO | [0961] HTTP_412 | HTTP=412
2026-09-10 19:41:02,620 | INFO | [0962] HTTP_412 | HTTP=412
2026-09-10 19:41:03,020 | INFO | [0963] HTTP_412 | HTTP=412
2026-09-10 19:41:03,420 | INFO | [0964] HTTP_412 | HTTP=412
2026-09-10 19:41:03,817 | INFO | [0965] HTTP_412 | HTTP=412
2026-09-10 19:41:04,214 | INFO | [0966] HTTP_412 | HTTP=412
2026-09-10 19:41:04,608 | INFO | [0967] HTTP_412 | HTTP=412
2026-09-10 19:41:05,006 | INFO | [0968] HTTP_412 | HTTP=412
2026-09-10 19:41:05,404 | INFO | [0969] HTTP_412 | HTTP=412
2026-09-10 19:41:05,801 | INFO | [0970] HTTP_412 | HTTP=412
2026-09-10 19:41:06,197 | INFO | [0971] HTTP_412 | HTTP=412
2026-09-10 19:41:06,595 | INFO | [0972] HTTP_412 | HTTP=412
2026-09-10 19:41:06,994 | INFO | [0973] HTTP_412 | HTTP=412
2026-09-10 19:41:07,392 | INFO | [0974] HTTP_412 | HTTP=412
2026-09-10 19:41:07,791 | INFO | [0975] HTTP_412 | HTTP=412
2026-09-10 19:41:08,198 | INFO | [0976] HTTP_412 | HTTP=412
2026-09-10 19:41:08,597 | INFO | [0977] HTTP_412 | HTTP=412
2026-09-10 19:41:08,993 | INFO | [0978] HTTP_412 | HTTP=412
2026-09-10 19:41:09,391 | INFO | [0979] HTTP_412 | HTTP=412
2026-09-10 19:41:09,788 | INFO | [0980] HTTP_412 | HTTP=412
2026-09-10 19:41:10,193 | INFO | [0981] HTTP_412 | HTTP=412
2026-09-10 19:41:10,589 | INFO | [0982] HTTP_412 | HTTP=412
2026-09-10 19:41:10,985 | INFO | [0983] HTTP_412 | HTTP=412
2026-09-10 19:41:11,384 | INFO | [0984] HTTP_412 | HTTP=412
2026-09-10 19:41:11,782 | INFO | [0985] HTTP_412 | HTTP=412
2026-09-10 19:41:12,183 | INFO | [0986] HTTP_412 | HTTP=412
2026-09-10 19:41:12,581 | INFO | [0987] HTTP_412 | HTTP=412
2026-09-10 19:41:12,981 | INFO | [0988] HTTP_412 | HTTP=412
2026-09-10 19:41:13,381 | INFO | [0989] HTTP_412 | HTTP=412
2026-09-10 19:41:13,777 | INFO | [0990] HTTP_412 | HTTP=412
2026-09-10 19:41:14,172 | INFO | [0991] HTTP_412 | HTTP=412
2026-09-10 19:41:14,567 | INFO | [0992] HTTP_412 | HTTP=412
2026-09-10 19:41:14,964 | INFO | [0993] HTTP_412 | HTTP=412
2026-09-10 19:41:15,359 | INFO | [0994] HTTP_412 | HTTP=412
2026-09-10 19:41:15,758 | INFO | [0995] HTTP_412 | HTTP=412
2026-09-10 19:41:16,157 | INFO | [0996] HTTP_412 | HTTP=412
2026-09-10 19:41:16,553 | INFO | [0997] HTTP_412 | HTTP=412
2026-09-10 19:41:16,954 | INFO | [0998] HTTP_412 | HTTP=412
2026-09-10 19:41:17,351 | INFO | [0999] HTTP_412 | HTTP=412
2026-09-10 19:41:18,013 | INFO | [1000] FOUND | M3U8_MASTER | название не указано | RES=426x240, 1280x720, 852x480, 640x360 | BW=446000, 796000, 1296000, 4596000
2026-09-10 19:41:18,188 | INFO | 
2026-09-10 19:41:18,188 | INFO | ==============================================
2026-09-10 19:41:18,188 | INFO | СКАНИРОВАНИЕ ЗАВЕРШЕНО
2026-09-10 19:41:18,188 | INFO | ==============================================
2026-09-10 19:41:18,188 | INFO | Проверено:              1000
2026-09-10 19:41:18,188 | INFO | Найдено M3U8:           45
2026-09-10 19:41:18,188 | INFO | Master:                 45
2026-09-10 19:41:18,188 | INFO | Media:                  0
2026-09-10 19:41:18,188 | INFO | С названием:            0
2026-09-10 19:41:18,188 | INFO | Без названия:           45
2026-09-10 19:41:18,188 | INFO | Не M3U8/ошибки:         955
2026-09-10 19:41:18,188 | INFO | Время:                  464.9 сек.
2026-09-10 19:41:18,188 | INFO | 
2026-09-10 19:41:18,189 | INFO | JSON:    televizor_scan_1_1000/televizor_1_1000_full.json
2026-09-10 19:41:18,189 | INFO | CSV:     televizor_scan_1_1000/televizor_1_1000_report.csv
2026-09-10 19:41:18,189 | INFO | M3U:     televizor_scan_1_1000/televizor_1_1000.m3u
2026-09-10 19:41:18,189 | INFO | Missing: televizor_scan_1_1000/televizor_missing.txt
2026-09-10 19:41:18,189 | INFO | Log:     televizor_scan_1_1000/scanner.log
